Component: Arm Compiler for Embedded 6.23 Tool: armlink [5f102400]

==============================================================================

Section Cross References

    startup_stm32f103x6.o(STACK) refers (Special) to heapauxi.o(.text) for __use_two_region_memory
    startup_stm32f103x6.o(HEAP) refers (Special) to heapauxi.o(.text) for __use_two_region_memory
    startup_stm32f103x6.o(RESET) refers (Special) to heapauxi.o(.text) for __use_two_region_memory
    startup_stm32f103x6.o(RESET) refers to startup_stm32f103x6.o(STACK) for __initial_sp
    startup_stm32f103x6.o(RESET) refers to startup_stm32f103x6.o(.text) for Reset_Handler
    startup_stm32f103x6.o(RESET) refers to stm32f1xx_it.o(.text.NMI_Handler) for NMI_Handler
    startup_stm32f103x6.o(RESET) refers to stm32f1xx_it.o(.text.HardFault_Handler) for HardFault_Handler
    startup_stm32f103x6.o(RESET) refers to stm32f1xx_it.o(.text.MemManage_Handler) for MemManage_Handler
    startup_stm32f103x6.o(RESET) refers to stm32f1xx_it.o(.text.BusFault_Handler) for BusFault_Handler
    startup_stm32f103x6.o(RESET) refers to stm32f1xx_it.o(.text.UsageFault_Handler) for UsageFault_Handler
    startup_stm32f103x6.o(RESET) refers to stm32f1xx_it.o(.text.SVC_Handler) for SVC_Handler
    startup_stm32f103x6.o(RESET) refers to stm32f1xx_it.o(.text.DebugMon_Handler) for DebugMon_Handler
    startup_stm32f103x6.o(RESET) refers to stm32f1xx_it.o(.text.PendSV_Handler) for PendSV_Handler
    startup_stm32f103x6.o(RESET) refers to stm32f1xx_it.o(.text.SysTick_Handler) for SysTick_Handler
    startup_stm32f103x6.o(RESET) refers to stm32f1xx_it.o(.text.USART1_IRQHandler) for USART1_IRQHandler
    startup_stm32f103x6.o(.text) refers (Special) to heapauxi.o(.text) for __use_two_region_memory
    startup_stm32f103x6.o(.text) refers to system_stm32f1xx.o(.text.SystemInit) for SystemInit
    startup_stm32f103x6.o(.text) refers to __main.o(!!!main) for __main
    startup_stm32f103x6.o(.text) refers to startup_stm32f103x6.o(HEAP) for Heap_Mem
    startup_stm32f103x6.o(.text) refers to startup_stm32f103x6.o(STACK) for Stack_Mem
    main.o(.text.main) refers to stm32f1xx_hal.o(.text.HAL_Init) for HAL_Init
    main.o(.text.main) refers to stm32f1xx_hal_rcc.o(.text.HAL_RCC_OscConfig) for HAL_RCC_OscConfig
    main.o(.text.main) refers to stm32f1xx_hal_rcc.o(.text.HAL_RCC_ClockConfig) for HAL_RCC_ClockConfig
    main.o(.text.main) refers to stm32f1xx_hal_rcc_ex.o(.text.HAL_RCCEx_PeriphCLKConfig) for HAL_RCCEx_PeriphCLKConfig
    main.o(.text.main) refers to gpio.o(.text.MX_GPIO_Init) for MX_GPIO_Init
    main.o(.text.main) refers to adc.o(.text.MX_ADC1_Init) for MX_ADC1_Init
    main.o(.text.main) refers to i2c.o(.text.MX_I2C1_Init) for MX_I2C1_Init
    main.o(.text.main) refers to usart.o(.text.MX_USART1_UART_Init) for MX_USART1_UART_Init
    main.o(.text.main) refers to usart.o(.bss.huart1) for huart1
    main.o(.text.main) refers to oled.o(.text.OLED_Init) for OLED_Init
    main.o(.text.main) refers to oled.o(.text.OLED_Clear) for OLED_Clear
    main.o(.text.main) refers to fun.o(.text.Process_Init) for Process_Init
    main.o(.text.main) refers to oled.o(.text.OLED_ShowString) for OLED_ShowString
    main.o(.text.main) refers to stm32f1xx_hal.o(.text.HAL_Delay) for HAL_Delay
    main.o(.text.main) refers to fun.o(.text.key_proc) for key_proc
    main.o(.text.main) refers to fun.o(.text.sig_proc) for sig_proc
    main.o(.text.main) refers to fun.o(.text.uart_proc) for uart_proc
    main.o(.text.main) refers to fun.o(.text.oled_proc) for oled_proc
    main.o(.text.main) refers to fun.o(.text.i2c_proc) for i2c_proc
    main.o(.ARM.exidx.text.main) refers to main.o(.text.main) for [Anonymous Symbol]
    main.o(.text.SystemClock_Config) refers to stm32f1xx_hal_rcc.o(.text.HAL_RCC_OscConfig) for HAL_RCC_OscConfig
    main.o(.text.SystemClock_Config) refers to stm32f1xx_hal_rcc.o(.text.HAL_RCC_ClockConfig) for HAL_RCC_ClockConfig
    main.o(.text.SystemClock_Config) refers to stm32f1xx_hal_rcc_ex.o(.text.HAL_RCCEx_PeriphCLKConfig) for HAL_RCCEx_PeriphCLKConfig
    main.o(.ARM.exidx.text.SystemClock_Config) refers to main.o(.text.SystemClock_Config) for [Anonymous Symbol]
    main.o(.ARM.exidx.text.Error_Handler) refers to main.o(.text.Error_Handler) for [Anonymous Symbol]
    gpio.o(.text.MX_GPIO_Init) refers to stm32f1xx_hal_gpio.o(.text.HAL_GPIO_WritePin) for HAL_GPIO_WritePin
    gpio.o(.text.MX_GPIO_Init) refers to stm32f1xx_hal_gpio.o(.text.HAL_GPIO_Init) for HAL_GPIO_Init
    gpio.o(.ARM.exidx.text.MX_GPIO_Init) refers to gpio.o(.text.MX_GPIO_Init) for [Anonymous Symbol]
    adc.o(.text.MX_ADC1_Init) refers to adc.o(.bss.hadc1) for hadc1
    adc.o(.text.MX_ADC1_Init) refers to stm32f1xx_hal_adc.o(.text.HAL_ADC_Init) for HAL_ADC_Init
    adc.o(.text.MX_ADC1_Init) refers to main.o(.text.Error_Handler) for Error_Handler
    adc.o(.text.MX_ADC1_Init) refers to stm32f1xx_hal_adc.o(.text.HAL_ADC_ConfigChannel) for HAL_ADC_ConfigChannel
[...]
    ../fplib/fpinit.s                        0x00000000   Number         0  fpinit.o ABSOLUTE
    ../fplib/fpinit_empty.s                  0x00000000   Number         0  fpinit_empty.o ABSOLUTE
    ../fplib/istatus.s                       0x00000000   Number         0  istatus.o ABSOLUTE
    ../fplib/printf1.s                       0x00000000   Number         0  printf1.o ABSOLUTE
    ../fplib/usenofp.s                       0x00000000   Number         0  usenofp.o ABSOLUTE
    ../mathlib/fpclassify.c                  0x00000000   Number         0  fpclassify.o ABSOLUTE
    IIC.c                                    0x00000000   Number         0  iic.o ABSOLUTE
    Key.c                                    0x00000000   Number         0  key.o ABSOLUTE
    MCP4725.c                                0x00000000   Number         0  mcp4725.o ABSOLUTE
    adc.c                                    0x00000000   Number         0  adc.o ABSOLUTE
    dc.s                                     0x00000000   Number         0  dc.o ABSOLUTE
    fun.c                                    0x00000000   Number         0  fun.o ABSOLUTE
    gpio.c                                   0x00000000   Number         0  gpio.o ABSOLUTE
    i2c.c                                    0x00000000   Number         0  i2c.o ABSOLUTE
    main.c                                   0x00000000   Number         0  main.o ABSOLUTE
    oled.c                                   0x00000000   Number         0  oled.o ABSOLUTE
    startup_stm32f103x6.s                    0x00000000   Number         0  startup_stm32f103x6.o ABSOLUTE
    stm32f1xx_hal.c                          0x00000000   Number         0  stm32f1xx_hal.o ABSOLUTE
    stm32f1xx_hal_adc.c                      0x00000000   Number         0  stm32f1xx_hal_adc.o ABSOLUTE
    stm32f1xx_hal_adc_ex.c                   0x00000000   Number         0  stm32f1xx_hal_adc_ex.o ABSOLUTE
    stm32f1xx_hal_cortex.c                   0x00000000   Number         0  stm32f1xx_hal_cortex.o ABSOLUTE
    stm32f1xx_hal_dma.c                      0x00000000   Number         0  stm32f1xx_hal_dma.o ABSOLUTE
    stm32f1xx_hal_exti.c                     0x00000000   Number         0  stm32f1xx_hal_exti.o ABSOLUTE
    stm32f1xx_hal_flash.c                    0x00000000   Number         0  stm32f1xx_hal_flash.o ABSOLUTE
    stm32f1xx_hal_flash_ex.c                 0x00000000   Number         0  stm32f1xx_hal_flash_ex.o ABSOLUTE
    stm32f1xx_hal_gpio.c                     0x00000000   Number         0  stm32f1xx_hal_gpio.o ABSOLUTE
    stm32f1xx_hal_gpio_ex.c                  0x00000000   Number         0  stm32f1xx_hal_gpio_ex.o ABSOLUTE
    stm32f1xx_hal_i2c.c                      0x00000000   Number         0  stm32f1xx_hal_i2c.o ABSOLUTE
    stm32f1xx_hal_msp.c                      0x00000000   Number         0  stm32f1xx_hal_msp.o ABSOLUTE
    stm32f1xx_hal_pwr.c                      0x00000000   Number         0  stm32f1xx_hal_pwr.o ABSOLUTE
    stm32f1xx_hal_rcc.c                      0x00000000   Number         0  stm32f1xx_hal_rcc.o ABSOLUTE
    stm32f1xx_hal_rcc_ex.c                   0x00000000   Number         0  stm32f1xx_hal_rcc_ex.o ABSOLUTE
    stm32f1xx_hal_uart.c                     0x00000000   Number         0  stm32f1xx_hal_uart.o ABSOLUTE
    stm32f1xx_it.c                           0x00000000   Number         0  stm32f1xx_it.o ABSOLUTE
    system_stm32f1xx.c                       0x00000000   Number         0  system_stm32f1xx.o ABSOLUTE
    usart.c                                  0x00000000   Number         0  usart.o ABSOLUTE
    RESET                                    0x08000000   Section      236  startup_stm32f103x6.o(RESET)
    !!!main                                  0x080000ec   Section        8  __main.o(!!!main)
    !!!scatter                               0x080000f4   Section       92  __scatter.o(!!!scatter)
    !!handler_copy                           0x08000150   Section       26  __scatter_copy.o(!!handler_copy)
    !!handler_null                           0x0800016c   Section        2  __scatter.o(!!handler_null)
    !!handler_zi                             0x08000170   Section       28  __scatter_zi.o(!!handler_zi)
    .ARM.Collect$$_printf_percent$$00000000  0x0800018c   Section        0  _printf_percent.o(.ARM.Collect$$_printf_percent$$00000000)
    .ARM.Collect$$_printf_percent$$00000003  0x0800018c   Section        6  _printf_f.o(.ARM.Collect$$_printf_percent$$00000003)
    .ARM.Collect$$_printf_percent$$00000017  0x08000192   Section        4  _printf_percent_end.o(.ARM.Collect$$_printf_percent$$00000017)
    .ARM.Collect$$libinit$$00000000          0x08000196   Section        2  libinit.o(.ARM.Collect$$libinit$$00000000)
    .ARM.Collect$$libinit$$00000002          0x08000198   Section        0  libinit2.o(.ARM.Collect$$libinit$$00000002)
    .ARM.Collect$$libinit$$00000004          0x08000198   Section        0  libinit2.o(.ARM.Collect$$libinit$$00000004)
    .ARM.Collect$$libinit$$00000006          0x08000198   Section        0  libinit2.o(.ARM.Collect$$libinit$$00000006)
    .ARM.Collect$$libinit$$0000000C          0x08000198   Section        0  libinit2.o(.ARM.Collect$$libinit$$0000000C)
    .ARM.Collect$$libinit$$0000000E          0x08000198   Section        0  libinit2.o(.ARM.Collect$$libinit$$0000000E)
    .ARM.Collect$$libinit$$00000010          0x08000198   Section        0  libinit2.o(.ARM.Collect$$libinit$$00000010)
    .ARM.Collect$$libinit$$00000011          0x08000198   Section        6  libinit2.o(.ARM.Collect$$libinit$$00000011)
    .ARM.Collect$$libinit$$00000013          0x0800019e   Section        0  libinit2.o(.ARM.Collect$$libinit$$00000013)
    .ARM.Collect$$libinit$$00000015          0x0800019e   Section        0  libinit2.o(.ARM.Collect$$libinit$$00000015)
    .ARM.Collect$$libinit$$00000017          0x0800019e   Section        0  libinit2.o(.ARM.Collect$$libinit$$00000017)
    .ARM.Collect$$libinit$$00000018          0x0800019e   Section       10  libinit2.o(.ARM.Collect$$libinit$$00000018)
    .ARM.Collect$$libinit$$00000019          0x080001a8   Section        0  libinit2.o(.ARM.Collect$$libinit$$00000019)
    .ARM.Collect$$libinit$$0000001B          0x080001a8   Section        0  libinit2.o(.ARM.Collect$$libinit$$0000001B)
    .ARM.Collect$$libinit$$0000001D          0x080001a8   Section        0  libinit2.o(.ARM.Collect$$libinit$$0000001D)
    .ARM.Collect$$libinit$$0000001F          0x080001a8   Section        0  libinit2.o(.ARM.Collect$$libinit$$0000001F)
    .ARM.Collect$$libinit$$00000021          0x080001a8   Section        0  libinit2.o(.ARM.Collect$$libinit$$00000021)
    .ARM.Collect$$libinit$$00000023          0x080001a8   Section        0  libinit2.o(.ARM.Collect$$libinit$$00000023)
    .ARM.Collect$$libinit$$00000025          0x080001a8   Section        0  libinit2.o(.ARM.Collect$$libinit$$00000025)
    .ARM.Collect$$libinit$$00000027          0x080001a8   Section        0  libinit2.o(.ARM.Collect$$libinit$$00000027)
    .ARM.Collect$$libinit$$0000002E          0x080001a8   Section        0  libinit2.o(.ARM.Collect$$libinit$$0000002E)
    .ARM.Collect$$libinit$$00000030          0x080001a8   Section        0  libinit2.o(.ARM.Collect$$libinit$$00000030)
    .ARM.Collect$$libinit$$00000032          0x080001a8   Section        0  libinit2.o(.ARM.Collect$$libinit$$00000032)
    .ARM.Collect$$libinit$$00000034          0x080001a8   Section        0  libinit2.o(.ARM.Collect$$libinit$$00000034)
    .ARM.Collect$$libinit$$00000035          0x080001a8   Section        2  libinit2.o(.ARM.Collect$$libinit$$00000035)
    .ARM.Collect$$libshutdown$$00000000      0x080001aa   Section        2  libshutdown.o(.ARM.Collect$$libshutdown$$00000000)
    .ARM.Collect$$libshutdown$$00000002      0x080001ac   Section        0  libshutdown2.o(.ARM.Collect$$libshutdown$$00000002)
    .ARM.Collect$$libshutdown$$00000004      0x080001ac   Section        0  libshutdown2.o(.ARM.Collect$$libshutdown$$00000004)
    .ARM.Collect$$libshutdown$$00000007      0x080001ac   Section        0  libshutdown2.o(.ARM.Collect$$libshutdown$$00000007)
    .ARM.Collect$$libshutdown$$0000000A      0x080001ac   Section        0  libshutdown2.o(.ARM.Collect$$libshutdown$$0000000A)
    .ARM.Collect$$libshutdown$$0000000C      0x080001ac   Section        0  libshutdown2.o(.ARM.Collect$$libshutdown$$0000000C)
    .ARM.Collect$$libshutdown$$0000000F      0x080001ac   Section        0  libshutdown2.o(.ARM.Collect$$libshutdown$$0000000F)
    .ARM.Collect$$libshutdown$$00000010      0x080001ac   Section        2  libshutdown2.o(.ARM.Collect$$libshutdown$$00000010)
    .ARM.Collect$$rtentry$$00000000          0x080001ae   Section        0  __rtentry.o(.ARM.Collect$$rtentry$$00000000)
    .ARM.Collect$$rtentry$$00000002          0x080001ae   Section        0  __rtentry2.o(.ARM.Collect$$rtentry$$00000002)
    .ARM.Collect$$rtentry$$00000004          0x080001ae   Section        6  __rtentry4.o(.ARM.Collect$$rtentry$$00000004)
    .ARM.Collect$$rtentry$$00000009          0x080001b4   Section        0  __rtentry2.o(.ARM.Collect$$rtentry$$00000009)
    .ARM.Collect$$rtentry$$0000000A          0x080001b4   Section        4  __rtentry2.o(.ARM.Collect$$rtentry$$0000000A)
    .ARM.Collect$$rtentry$$0000000C          0x080001b8   Section        0  __rtentry2.o(.ARM.Collect$$rtentry$$0000000C)
    .ARM.Collect$$rtentry$$0000000D          0x080001b8   Section        8  __rtentry2.o(.ARM.Collect$$rtentry$$0000000D)
    .ARM.Collect$$rtexit$$00000000           0x080001c0   Section        2  rtexit.o(.ARM.Collect$$rtexit$$00000000)
    .ARM.Collect$$rtexit$$00000002           0x080001c2   Section        0  rtexit2.o(.ARM.Collect$$rtexit$$00000002)
    .ARM.Collect$$rtexit$$00000003           0x080001c2   Section        4  rtexit2.o(.ARM.Collect$$rtexit$$00000003)
    .ARM.Collect$$rtexit$$00000004           0x080001c6   Section        6  rtexit2.o(.ARM.Collect$$rtexit$$00000004)
    .text                                    0x080001cc   Section       64  startup_stm32f103x6.o(.text)
    .text                                    0x0800020c   Section        0  noretval__2sprintf.o(.text)
    .text                                    0x08000234   Section        0  __printf_wp.o(.text)
    .text                                    0x08000342   Section        0  strlen.o(.text)
    .text                                    0x08000380   Section       78  rt_memclr_w.o(.text)
    .text                                    0x080003ce   Section        0  heapauxi.o(.text)
    _fp_digits                               0x080003d5   Thumb Code   432  _printf_fp_dec.o(.text)
    .text                                    0x080003d4   Section        0  _printf_fp_dec.o(.text)
    _printf_input_char                       0x080007f1   Thumb Code    10  _printf_char_common.o(.text)
    .text                                    0x080007f0   Section        0  _printf_char_common.o(.text)
    .text                                    0x08000820   Section        0  _sputc.o(.text)
    .text                                    0x0800082c   Section        8  rt_locale_intlibspace.o(.text)
    .text                                    0x08000834   Section      138  lludiv10.o(.text)
    .text                                    0x080008c0   Section        0  _printf_fp_infnan.o(.text)
    .text                                    0x08000940   Section        0  bigflt0.o(.text)
    .text                                    0x08000a24   Section        8  libspace.o(.text)
    .text                                    0x08000a2c   Section       74  sys_stackheap_outer.o(.text)
    .text                                    0x08000a76   Section        0  exit.o(.text)
    .text                                    0x08000a88   Section      128  strcmpv7m.o(.text)
    .text                                    0x08000b08   Section        0  sys_exit.o(.text)
    .text                                    0x08000b14   Section        2  use_no_semi.o(.text)
    .text                                    0x08000b16   Section        0  indicate_semi.o(.text)
    [Anonymous Symbol]                       0x08000b18   Section        0  stm32f1xx_hal_adc.o(.text.ADC_Enable)
    [Anonymous Symbol]                       0x08000bc8   Section        0  stm32f1xx_it.o(.text.BusFault_Handler)
    [Anonymous Symbol]                       0x08000bcc   Section        0  stm32f1xx_it.o(.text.DebugMon_Handler)
    [Anonymous Symbol]                       0x08000bd0   Section        0  main.o(.text.Error_Handler)
    [Anonymous Symbol]                       0x08000bdc   Section        0  stm32f1xx_hal_adc.o(.text.HAL_ADC_ConfigChannel)
    [Anonymous Symbol]                       0x08000d1c   Section        0  stm32f1xx_hal_adc.o(.text.HAL_ADC_GetValue)
    [Anonymous Symbol]                       0x08000d24   Section        0  stm32f1xx_hal_adc.o(.text.HAL_ADC_Init)
    [Anonymous Symbol]                       0x08000e7c   Section        0  adc.o(.text.HAL_ADC_MspInit)
    [Anonymous Symbol]                       0x08000ee4   Section        0  stm32f1xx_hal_adc.o(.text.HAL_ADC_Start)
    [Anonymous Symbol]                       0x08000fb4   Section        0  stm32f1xx_hal_dma.o(.text.HAL_DMA_Abort)
    [Anonymous Symbol]                       0x08000ffc   Section        0  stm32f1xx_hal_dma.o(.text.HAL_DMA_Abort_IT)
    [Anonymous Symbol]                       0x080010b4   Section        0  stm32f1xx_hal.o(.text.HAL_Delay)
    [Anonymous Symbol]                       0x080010dc   Section        0  stm32f1xx_hal_gpio.o(.text.HAL_GPIO_Init)
    [Anonymous Symbol]                       0x080012dc   Section        0  stm32f1xx_hal_gpio.o(.text.HAL_GPIO_ReadPin)
    [Anonymous Symbol]                       0x080012e8   Section        0  stm32f1xx_hal_gpio.o(.text.HAL_GPIO_WritePin)
    [Anonymous Symbol]                       0x080012f4   Section        0  stm32f1xx_hal.o(.text.HAL_GetTick)
    [Anonymous Symbol]                       0x08001300   Section        0  stm32f1xx_hal_i2c.o(.text.HAL_I2C_Init)
    [Anonymous Symbol]                       0x08001464   Section        0  stm32f1xx_hal_i2c.o(.text.HAL_I2C_Mem_Write)
    [Anonymous Symbol]                       0x080015c0   Section        0  i2c.o(.text.HAL_I2C_MspInit)
    [Anonymous Symbol]                       0x08001640   Section        0  stm32f1xx_hal.o(.text.HAL_IncTick)
    [Anonymous Symbol]                       0x0800165c   Section        0  stm32f1xx_hal.o(.text.HAL_Init)
    [Anonymous Symbol]                       0x08001684   Section        0  stm32f1xx_hal.o(.text.HAL_InitTick)
    [Anonymous Symbol]                       0x080016cc   Section        0  stm32f1xx_hal_msp.o(.text.HAL_MspInit)
    [Anonymous Symbol]                       0x08001710   Section        0  stm32f1xx_hal_cortex.o(.text.HAL_NVIC_EnableIRQ)
    [Anonymous Symbol]                       0x08001734   Section        0  stm32f1xx_hal_cortex.o(.text.HAL_NVIC_SetPriority)
    [Anonymous Symbol]                       0x0800178c   Section        0  stm32f1xx_hal_cortex.o(.text.HAL_NVIC_SetPriorityGrouping)
    [Anonymous Symbol]                       0x080017ac   Section        0  stm32f1xx_hal_rcc_ex.o(.text.HAL_RCCEx_PeriphCLKConfig)
    [Anonymous Symbol]                       0x080018b0   Section        0  stm32f1xx_hal_rcc.o(.text.HAL_RCC_ClockConfig)
    [Anonymous Symbol]                       0x08001a6c   Section        0  stm32f1xx_hal_rcc.o(.text.HAL_RCC_GetPCLK1Freq)
    [Anonymous Symbol]                       0x08001a94   Section        0  stm32f1xx_hal_rcc.o(.text.HAL_RCC_GetPCLK2Freq)
    [Anonymous Symbol]                       0x08001abc   Section        0  stm32f1xx_hal_rcc.o(.text.HAL_RCC_OscConfig)
    [Anonymous Symbol]                       0x08001ebc   Section        0  stm32f1xx_hal_cortex.o(.text.HAL_SYSTICK_Config)
    [Anonymous Symbol]                       0x08001ee8   Section        0  stm32f1xx_hal_uart.o(.text.HAL_UARTEx_RxEventCallback)
    [Anonymous Symbol]                       0x08001eec   Section        0  stm32f1xx_hal_uart.o(.text.HAL_UART_ErrorCallback)
    [Anonymous Symbol]                       0x08001ef0   Section        0  stm32f1xx_hal_uart.o(.text.HAL_UART_IRQHandler)
    [Anonymous Symbol]                       0x08002460   Section        0  stm32f1xx_hal_uart.o(.text.HAL_UART_Init)
    [Anonymous Symbol]                       0x08002544   Section        0  usart.o(.text.HAL_UART_MspInit)
    [Anonymous Symbol]                       0x080025d4   Section        0  stm32f1xx_hal_uart.o(.text.HAL_UART_RxCpltCallback)
    [Anonymous Symbol]                       0x080025d8   Section        0  stm32f1xx_hal_uart.o(.text.HAL_UART_Transmit)
    [Anonymous Symbol]                       0x0800276c   Section        0  stm32f1xx_hal_uart.o(.text.HAL_UART_TxCpltCallback)
    [Anonymous Symbol]                       0x08002770   Section        0  stm32f1xx_it.o(.text.HardFault_Handler)
    I2C_RequestMemoryWrite                   0x08002775   Thumb Code   200  stm32f1xx_hal_i2c.o(.text.I2C_RequestMemoryWrite)
    [Anonymous Symbol]                       0x08002774   Section        0  stm32f1xx_hal_i2c.o(.text.I2C_RequestMemoryWrite)
    [Anonymous Symbol]                       0x0800283c   Section        0  iic.o(.text.I2C_SendByte)
    [Anonymous Symbol]                       0x080029a8   Section        0  iic.o(.text.I2C_Start)
    [Anonymous Symbol]                       0x080029ec   Section        0  iic.o(.text.I2C_Stop)
    I2C_WaitOnBTFFlagUntilTimeout            0x08002a25   Thumb Code   186  stm32f1xx_hal_i2c.o(.text.I2C_WaitOnBTFFlagUntilTimeout)
    [Anonymous Symbol]                       0x08002a24   Section        0  stm32f1xx_hal_i2c.o(.text.I2C_WaitOnBTFFlagUntilTimeout)
    I2C_WaitOnFlagUntilTimeout               0x08002ae1   Thumb Code   458  stm32f1xx_hal_i2c.o(.text.I2C_WaitOnFlagUntilTimeout)
    [Anonymous Symbol]                       0x08002ae0   Section        0  stm32f1xx_hal_i2c.o(.text.I2C_WaitOnFlagUntilTimeout)
    I2C_WaitOnMasterAddressFlagUntilTimeout  0x08002cad   Thumb Code   214  stm32f1xx_hal_i2c.o(.text.I2C_WaitOnMasterAddressFlagUntilTimeout)
    [Anonymous Symbol]                       0x08002cac   Section        0  stm32f1xx_hal_i2c.o(.text.I2C_WaitOnMasterAddressFlagUntilTimeout)
    I2C_WaitOnTXEFlagUntilTimeout            0x08002d85   Thumb Code   186  stm32f1xx_hal_i2c.o(.text.I2C_WaitOnTXEFlagUntilTimeout)
    [Anonymous Symbol]                       0x08002d84   Section        0  stm32f1xx_hal_i2c.o(.text.I2C_WaitOnTXEFlagUntilTimeout)
    [Anonymous Symbol]                       0x08002e40   Section        0  key.o(.text.Key_GetNum)
    [Anonymous Symbol]                       0x08002e54   Section        0  key.o(.text.Key_Tick)
    [Anonymous Symbol]                       0x08002ed8   Section        0  mcp4725.o(.text.MCP4725_SetVoltage_EEPROM)
    [Anonymous Symbol]                       0x08002f10   Section        0  adc.o(.text.MX_ADC1_Init)
    [Anonymous Symbol]                       0x08002f68   Section        0  gpio.o(.text.MX_GPIO_Init)
    [Anonymous Symbol]                       0x08003020   Section        0  i2c.o(.text.MX_I2C1_Init)
    [Anonymous Symbol]                       0x08003064   Section        0  usart.o(.text.MX_USART1_UART_Init)
    [Anonymous Symbol]                       0x080030a0   Section        0  stm32f1xx_it.o(.text.MemManage_Handler)
    [Anonymous Symbol]                       0x080030a4   Section        0  stm32f1xx_it.o(.text.NMI_Handler)
    [Anonymous Symbol]                       0x080030a8   Section        0  oled.o(.text.OLED_Clear)
    [Anonymous Symbol]                       0x08003154   Section        0  oled.o(.text.OLED_Init)
    [Anonymous Symbol]                       0x08003164   Section        0  oled.o(.text.OLED_ShowChar)
    [Anonymous Symbol]                       0x0800350c   Section        0  oled.o(.text.OLED_ShowString)
    [Anonymous Symbol]                       0x0800354c   Section        0  stm32f1xx_it.o(.text.PendSV_Handler)
    [Anonymous Symbol]                       0x08003550   Section        0  fun.o(.text.Process_Init)
    [Anonymous Symbol]                       0x08003590   Section        0  stm32f1xx_it.o(.text.SVC_Handler)
    [Anonymous Symbol]                       0x08003594   Section        0  stm32f1xx_it.o(.text.SysTick_Handler)
    [Anonymous Symbol]                       0x080035b4   Section        0  system_stm32f1xx.o(.text.SystemInit)
    UART_DMAAbortOnError                     0x080035b9   Thumb Code    12  stm32f1xx_hal_uart.o(.text.UART_DMAAbortOnError)
    [Anonymous Symbol]                       0x080035b8   Section        0  stm32f1xx_hal_uart.o(.text.UART_DMAAbortOnError)
    UART_Receive_IT                          0x080035c5   Thumb Code   254  stm32f1xx_hal_uart.o(.text.UART_Receive_IT)
    [Anonymous Symbol]                       0x080035c4   Section        0  stm32f1xx_hal_uart.o(.text.UART_Receive_IT)
    [Anonymous Symbol]                       0x080036c4   Section        0  stm32f1xx_it.o(.text.USART1_IRQHandler)
    [Anonymous Symbol]                       0x08003748   Section        0  stm32f1xx_it.o(.text.UsageFault_Handler)
    [Anonymous Symbol]                       0x0800374c   Section        0  oled.o(.text.WriteCmd)
    [Anonymous Symbol]                       0x080039ac   Section        0  fun.o(.text.i2c_proc)
    [Anonymous Symbol]                       0x080039f4   Section        0  fun.o(.text.key_proc)
    [Anonymous Symbol]                       0x08003aa0   Section        0  main.o(.text.main)
    [Anonymous Symbol]                       0x08003b94   Section        0  fun.o(.text.oled_proc)
    [Anonymous Symbol]                       0x08003c54   Section        0  fun.o(.text.sig_proc)
    [Anonymous Symbol]                       0x08003cec   Section        0  fun.o(.text.uart_proc)
    CL$$btod_d2e                             0x08003e80   Section       62  btod.o(CL$$btod_d2e)
    CL$$btod_d2e_denorm_low                  0x08003ebe   Section       70  btod.o(CL$$btod_d2e_denorm_low)
    CL$$btod_d2e_norm_op1                    0x08003f04   Section       96  btod.o(CL$$btod_d2e_norm_op1)
    CL$$btod_div_common                      0x08003f64   Section      824  btod.o(CL$$btod_div_common)
    CL$$btod_e2e                             0x0800429c   Section      220  btod.o(CL$$btod_e2e)
    CL$$btod_ediv                            0x08004378   Section       42  btod.o(CL$$btod_ediv)
    CL$$btod_emul                            0x080043a2   Section       42  btod.o(CL$$btod_emul)
    CL$$btod_mult_common                     0x080043cc   Section      580  btod.o(CL$$btod_mult_common)
    i.__ARM_fpclassify                       0x08004610   Section        0  fpclassify.o(i.__ARM_fpclassify)
    i._is_digit                              0x08004638   Section        0  __printf_wp.o(i._is_digit)
    locale$$code                             0x08004648   Section       44  lc_numeric_c.o(locale$$code)
    x$fpl$dadd                               0x08004674   Section      336  daddsub_clz.o(x$fpl$dadd)
    _dadd1                                   0x08004685   Thumb Code     0  daddsub_clz.o(x$fpl$dadd)
    x$fpl$dcmpinf                            0x080047c4   Section       24  dcmpi.o(x$fpl$dcmpinf)
    x$fpl$ddiv                               0x080047dc   Section      696  ddiv.o(x$fpl$ddiv)
    ddiv_entry                               0x080047e3   Thumb Code     0  ddiv.o(x$fpl$ddiv)
    x$fpl$deqf                               0x08004a94   Section      120  deqf.o(x$fpl$deqf)
    x$fpl$dfix                               0x08004b0c   Section       94  dfix.o(x$fpl$dfix)
    x$fpl$dfltu                              0x08004b6a   Section       38  dflt_clz.o(x$fpl$dfltu)
    x$fpl$dgeqf                              0x08004b90   Section      120  dgeqf.o(x$fpl$dgeqf)
    x$fpl$dleqf                              0x08004c08   Section      120  dleqf.o(x$fpl$dleqf)
    x$fpl$dmul                               0x08004c80   Section      340  dmul.o(x$fpl$dmul)
    x$fpl$dnaninf                            0x08004dd4   Section      156  dnaninf.o(x$fpl$dnaninf)
    x$fpl$dretinf                            0x08004e70   Section       12  dretinf.o(x$fpl$dretinf)
    x$fpl$dsub                               0x08004e7c   Section      476  daddsub_clz.o(x$fpl$dsub)
    _dsub1                                   0x08004e8d   Thumb Code     0  daddsub_clz.o(x$fpl$dsub)
    x$fpl$fcmp                               0x08005058   Section       84  dcmp.o(x$fpl$fcmp)
    x$fpl$printf1                            0x080050ac   Section        4  printf1.o(x$fpl$printf1)
    tenpwrs_x                                0x080050b0   Data          60  bigflt0.o(.constdata)
    .constdata                               0x080050b0   Section      148  bigflt0.o(.constdata)
    x$fpl$usenofp                            0x080050b0   Section        0  usenofp.o(x$fpl$usenofp)
    tenpwrs_i                                0x080050ec   Data          64  bigflt0.o(.constdata)
    HAL_RCC_GetSysClockFreq.aPredivFactorTable 0x08005964   Data           2  stm32f1xx_hal_rcc.o(.rodata.HAL_RCC_GetSysClockFreq.aPredivFactorTable)
    [Anonymous Symbol]                       0x08005964   Section        0  stm32f1xx_hal_rcc.o(.rodata.HAL_RCC_GetSysClockFreq.aPredivFactorTable)
    HAL_RCC_GetSysClockFreq.aPLLMULFactorTable 0x08005966   Data          16  stm32f1xx_hal_rcc.o(.rodata.cst16)
    [Anonymous Symbol]                       0x08005966   Section        0  stm32f1xx_hal_rcc.o(.rodata.cst16)
    .L.str.2                                 0x08005978   Data          19  fun.o(.rodata.str1.4)
    [Anonymous Symbol]                       0x08005978   Section        0  fun.o(.rodata.str1.4)
    locale$$data                             0x080059bc   Section       28  lc_numeric_c.o(locale$$data)
    __lcnum_c_name                           0x080059c0   Data           2  lc_numeric_c.o(locale$$data)
    __lcnum_c_start                          0x080059c8   Data           0  lc_numeric_c.o(locale$$data)
    __lcnum_c_point                          0x080059d4   Data           0  lc_numeric_c.o(locale$$data)
    __lcnum_c_thousands                      0x080059d6   Data           0  lc_numeric_c.o(locale$$data)
    __lcnum_c_grouping                       0x080059d7   Data           0  lc_numeric_c.o(locale$$data)
    __lcnum_c_end                            0x080059d8   Data           0  lc_numeric_c.o(locale$$data)
    .L_MergedGlobals                         0x20000000   Data           8  stm32f1xx_hal.o(.data..L_MergedGlobals)
    [Anonymous Symbol]                       0x20000000   Section        0  stm32f1xx_hal.o(.data..L_MergedGlobals)
    .L_MergedGlobals                         0x20000008   Data          16  fun.o(.data..L_MergedGlobals)
    [Anonymous Symbol]                       0x20000008   Section        0  fun.o(.data..L_MergedGlobals)
    .bss                                     0x20000038   Section       96  libspace.o(.bss)
    .L_MergedGlobals                         0x20000098   Data           4  key.o(.bss..L_MergedGlobals)
    [Anonymous Symbol]                       0x20000098   Section        0  key.o(.bss..L_MergedGlobals)
    Key_Tick.Count                           0x20000099   Data           1  key.o(.bss..L_MergedGlobals)
    Key_Tick.CurrState                       0x2000009a   Data           1  key.o(.bss..L_MergedGlobals)
    Key_Tick.PrevState                       0x2000009b   Data           1  key.o(.bss..L_MergedGlobals)
    .L_MergedGlobals.7                       0x200000a0   Data          72  fun.o(.bss..L_MergedGlobals.7)
    [Anonymous Symbol]                       0x200000a0   Section        0  fun.o(.bss..L_MergedGlobals.7)
    Heap_Mem                                 0x200005b8   Data         512  startup_stm32f103x6.o(HEAP)
    HEAP                                     0x200005b8   Section      512  startup_stm32f103x6.o(HEAP)
    Stack_Mem                                0x200007b8   Data        1024  startup_stm32f103x6.o(STACK)
    STACK                                    0x200007b8   Section     1024  startup_stm32f103x6.o(STACK)
    __initial_sp                             0x20000bb8   Data           0  startup_stm32f103x6.o(STACK)

    Global Symbols

    Symbol Name                              Value     Ov Type        Size  Object(Section)

    BuildAttributes$$THM_ISAv4$P$D$K$B$S$PE$A:L22UL41UL21$X:L11$S22US41US21$IEEE1$IW$~IW$USESV6$~STKCKD$USESV7$~SHL$OTIME$ROPI$IEEEJ$EBA8$UX$STANDARDLIB$REQ8$PRES8$EABIv2 0x00000000   Number         0  anon$$obj.o ABSOLUTE
    __fp_init_empty                          0x00000000   Number         0  fpinit_empty.o ABSOLUTE
    _printf_flags                            0x00000000   Number         0  printf_stubs.o ABSOLUTE
    _printf_return_value                     0x00000000   Number         0  printf_stubs.o ABSOLUTE
    _printf_sizespec                         0x00000000   Number         0  printf_stubs.o ABSOLUTE
    _printf_widthprec                        0x00000000   Number         0  printf_stubs.o ABSOLUTE
    __ARM_exceptions_init                     - Undefined Weak Reference
    __alloca_initialize                       - Undefined Weak Reference
    __arm_preinit_                            - Undefined Weak Reference
    __arm_relocate_pie_                       - Undefined Weak Reference
    __cpp_initialize__aeabi_                  - Undefined Weak Reference
    __cxa_finalize                            - Undefined Weak Reference
    __sigvec_lookup                           - Undefined Weak Reference
    _atexit_init                              - Undefined Weak Reference
    _call_atexit_fns                          - Undefined Weak Reference
    _clock_init                               - Undefined Weak Reference
    _fp_trap_init                             - Undefined Weak Reference
    _fp_trap_shutdown                         - Undefined Weak Reference
    _get_lc_collate                           - Undefined Weak Reference
    _get_lc_ctype                             - Undefined Weak Reference
    _get_lc_monetary                          - Undefined Weak Reference
    _get_lc_time                              - Undefined Weak Reference
    _getenv_init                              - Undefined Weak Reference
    _handle_redirection                       - Undefined Weak Reference
    _init_alloc                               - Undefined Weak Reference
    _init_user_alloc                          - Undefined Weak Reference
    _initio                                   - Undefined Weak Reference
    _printf_post_padding                      - Undefined Weak Reference
    _printf_pre_padding                       - Undefined Weak Reference
    _rand_init                                - Undefined Weak Reference
    _signal_finish                            - Undefined Weak Reference
    _signal_init                              - Undefined Weak Reference
    _terminate_alloc                          - Undefined Weak Reference
    _terminate_user_alloc                     - Undefined Weak Reference
    _terminateio                              - Undefined Weak Reference
    __Vectors_Size                           0x000000ec   Number         0  startup_stm32f103x6.o ABSOLUTE
    __Vectors                                0x08000000   Data           4  startup_stm32f103x6.o(RESET)
    __Vectors_End                            0x080000ec   Data           0  startup_stm32f103x6.o(RESET)
    __main                                   0x080000ed   Thumb Code     8  __main.o(!!!main)
    __scatterload                            0x080000f5   Thumb Code     0  __scatter.o(!!!scatter)
    __scatterload_rt2                        0x080000f5   Thumb Code    84  __scatter.o(!!!scatter)
    __scatterload_rt2_thumb_only             0x080000f5   Thumb Code     0  __scatter.o(!!!scatter)
    __scatterload_loop                       0x080000ff   Thumb Code     0  __scatter.o(!!!scatter)
    __scatterload_copy                       0x08000151   Thumb Code    26  __scatter_copy.o(!!handler_copy)
    __scatterload_null                       0x0800016d   Thumb Code     2  __scatter.o(!!handler_null)
    __scatterload_zeroinit                   0x08000171   Thumb Code    28  __scatter_zi.o(!!handler_zi)
    _printf_f                                0x0800018d   Thumb Code     0  _printf_f.o(.ARM.Collect$$_printf_percent$$00000003)
    _printf_percent                          0x0800018d   Thumb Code     0  _printf_percent.o(.ARM.Collect$$_printf_percent$$00000000)
    _printf_percent_end                      0x08000193   Thumb Code     0  _printf_percent_end.o(.ARM.Collect$$_printf_percent$$00000017)
    __rt_lib_init                            0x08000197   Thumb Code     0  libinit.o(.ARM.Collect$$libinit$$00000000)
    __rt_lib_init_fp_1                       0x08000199   Thumb Code     0  libinit2.o(.ARM.Collect$$libinit$$00000002)
    __rt_lib_init_heap_1                     0x08000199   Thumb Code     0  libinit2.o(.ARM.Collect$$libinit$$0000000C)
    __rt_lib_init_lc_common                  0x08000199   Thumb Code     0  libinit2.o(.ARM.Collect$$libinit$$00000011)
    __rt_lib_init_preinit_1                  0x08000199   Thumb Code     0  libinit2.o(.ARM.Collect$$libinit$$00000006)
    __rt_lib_init_rand_1                     0x08000199   Thumb Code     0  libinit2.o(.ARM.Collect$$libinit$$00000010)
    __rt_lib_init_relocate_pie_1             0x08000199   Thumb Code     0  libinit2.o(.ARM.Collect$$libinit$$00000004)
    __rt_lib_init_user_alloc_1               0x08000199   Thumb Code     0  libinit2.o(.ARM.Collect$$libinit$$0000000E)
    __rt_lib_init_lc_collate_1               0x0800019f   Thumb Code     0  libinit2.o(.ARM.Collect$$libinit$$00000013)
    __rt_lib_init_lc_ctype_1                 0x0800019f   Thumb Code     0  libinit2.o(.ARM.Collect$$libinit$$00000015)
    __rt_lib_init_lc_monetary_1              0x0800019f   Thumb Code     0  libinit2.o(.ARM.Collect$$libinit$$00000017)
    __rt_lib_init_lc_numeric_2               0x0800019f   Thumb Code     0  libinit2.o(.ARM.Collect$$libinit$$00000018)
    __rt_lib_init_alloca_1                   0x080001a9   Thumb Code     0  libinit2.o(.ARM.Collect$$libinit$$00000030)
    __rt_lib_init_argv_1                     0x080001a9   Thumb Code     0  libinit2.o(.ARM.Collect$$libinit$$0000002E)
    __rt_lib_init_atexit_1                   0x080001a9   Thumb Code     0  libinit2.o(.ARM.Collect$$libinit$$0000001D)
    __rt_lib_init_clock_1                    0x080001a9   Thumb Code     0  libinit2.o(.ARM.Collect$$libinit$$00000023)
    __rt_lib_init_cpp_1                      0x080001a9   Thumb Code     0  libinit2.o(.ARM.Collect$$libinit$$00000034)
    __rt_lib_init_exceptions_1               0x080001a9   Thumb Code     0  libinit2.o(.ARM.Collect$$libinit$$00000032)
    __rt_lib_init_fp_trap_1                  0x080001a9   Thumb Code     0  libinit2.o(.ARM.Collect$$libinit$$00000021)
    __rt_lib_init_getenv_1                   0x080001a9   Thumb Code     0  libinit2.o(.ARM.Collect$$libinit$$00000025)
    __rt_lib_init_lc_numeric_1               0x080001a9   Thumb Code     0  libinit2.o(.ARM.Collect$$libinit$$00000019)
    __rt_lib_init_lc_time_1                  0x080001a9   Thumb Code     0  libinit2.o(.ARM.Collect$$libinit$$0000001B)
    __rt_lib_init_return                     0x080001a9   Thumb Code     0  libinit2.o(.ARM.Collect$$libinit$$00000035)
    __rt_lib_init_signal_1                   0x080001a9   Thumb Code     0  libinit2.o(.ARM.Collect$$libinit$$0000001F)
    __rt_lib_init_stdio_1                    0x080001a9   Thumb Code     0  libinit2.o(.ARM.Collect$$libinit$$00000027)
    __rt_lib_shutdown                        0x080001ab   Thumb Code     0  libshutdown.o(.ARM.Collect$$libshutdown$$00000000)
    __rt_lib_shutdown_cpp_1                  0x080001ad   Thumb Code     0  libshutdown2.o(.ARM.Collect$$libshutdown$$00000002)
    __rt_lib_shutdown_fp_trap_1              0x080001ad   Thumb Code     0  libshutdown2.o(.ARM.Collect$$libshutdown$$00000007)
    __rt_lib_shutdown_heap_1                 0x080001ad   Thumb Code     0  libshutdown2.o(.ARM.Collect$$libshutdown$$0000000F)
    __rt_lib_shutdown_return                 0x080001ad   Thumb Code     0  libshutdown2.o(.ARM.Collect$$libshutdown$$00000010)
    __rt_lib_shutdown_signal_1               0x080001ad   Thumb Code     0  libshutdown2.o(.ARM.Collect$$libshutdown$$0000000A)
    __rt_lib_shutdown_stdio_1                0x080001ad   Thumb Code     0  libshutdown2.o(.ARM.Collect$$libshutdown$$00000004)
    __rt_lib_shutdown_user_alloc_1           0x080001ad   Thumb Code     0  libshutdown2.o(.ARM.Collect$$libshutdown$$0000000C)
    __rt_entry                               0x080001af   Thumb Code     0  __rtentry.o(.ARM.Collect$$rtentry$$00000000)
    __rt_entry_presh_1                       0x080001af   Thumb Code     0  __rtentry2.o(.ARM.Collect$$rtentry$$00000002)
    __rt_entry_sh                            0x080001af   Thumb Code     0  __rtentry4.o(.ARM.Collect$$rtentry$$00000004)
    __rt_entry_li                            0x080001b5   Thumb Code     0  __rtentry2.o(.ARM.Collect$$rtentry$$0000000A)
    __rt_entry_postsh_1                      0x080001b5   Thumb Code     0  __rtentry2.o(.ARM.Collect$$rtentry$$00000009)
    __rt_entry_main                          0x080001b9   Thumb Code     0  __rtentry2.o(.ARM.Collect$$rtentry$$0000000D)
    __rt_entry_postli_1                      0x080001b9   Thumb Code     0  __rtentry2.o(.ARM.Collect$$rtentry$$0000000C)
    __rt_exit                                0x080001c1   Thumb Code     0  rtexit.o(.ARM.Collect$$rtexit$$00000000)
    __rt_exit_ls                             0x080001c3   Thumb Code     0  rtexit2.o(.ARM.Collect$$rtexit$$00000003)
    __rt_exit_prels_1                        0x080001c3   Thumb Code     0  rtexit2.o(.ARM.Collect$$rtexit$$00000002)
    __rt_exit_exit                           0x080001c7   Thumb Code     0  rtexit2.o(.ARM.Collect$$rtexit$$00000004)
    Reset_Handler                            0x080001cd   Thumb Code     8  startup_stm32f103x6.o(.text)
    ADC1_2_IRQHandler                        0x080001e7   Thumb Code     0  startup_stm32f103x6.o(.text)
    CAN1_RX1_IRQHandler                      0x080001e7   Thumb Code     0  startup_stm32f103x6.o(.text)
    CAN1_SCE_IRQHandler                      0x080001e7   Thumb Code     0  startup_stm32f103x6.o(.text)
    DMA1_Channel1_IRQHandler                 0x080001e7   Thumb Code     0  startup_stm32f103x6.o(.text)
    DMA1_Channel2_IRQHandler                 0x080001e7   Thumb Code     0  startup_stm32f103x6.o(.text)
    DMA1_Channel3_IRQHandler                 0x080001e7   Thumb Code     0  startup_stm32f103x6.o(.text)
    DMA1_Channel4_IRQHandler                 0x080001e7   Thumb Code     0  startup_stm32f103x6.o(.text)
    DMA1_Channel5_IRQHandler                 0x080001e7   Thumb Code     0  startup_stm32f103x6.o(.text)
    DMA1_Channel6_IRQHandler                 0x080001e7   Thumb Code     0  startup_stm32f103x6.o(.text)
    DMA1_Channel7_IRQHandler                 0x080001e7   Thumb Code     0  startup_stm32f103x6.o(.text)
    EXTI0_IRQHandler                         0x080001e7   Thumb Code     0  startup_stm32f103x6.o(.text)
    EXTI15_10_IRQHandler                     0x080001e7   Thumb Code     0  startup_stm32f103x6.o(.text)
    EXTI1_IRQHandler                         0x080001e7   Thumb Code     0  startup_stm32f103x6.o(.text)
    EXTI2_IRQHandler                         0x080001e7   Thumb Code     0  startup_stm32f103x6.o(.text)
    EXTI3_IRQHandler                         0x080001e7   Thumb Code     0  startup_stm32f103x6.o(.text)
    EXTI4_IRQHandler                         0x080001e7   Thumb Code     0  startup_stm32f103x6.o(.text)
    EXTI9_5_IRQHandler                       0x080001e7   Thumb Code     0  startup_stm32f103x6.o(.text)
    FLASH_IRQHandler                         0x080001e7   Thumb Code     0  startup_stm32f103x6.o(.text)
    I2C1_ER_IRQHandler                       0x080001e7   Thumb Code     0  startup_stm32f103x6.o(.text)
    I2C1_EV_IRQHandler                       0x080001e7   Thumb Code     0  startup_stm32f103x6.o(.text)
    PVD_IRQHandler                           0x080001e7   Thumb Code     0  startup_stm32f103x6.o(.text)
    RCC_IRQHandler                           0x080001e7   Thumb Code     0  startup_stm32f103x6.o(.text)
    RTC_Alarm_IRQHandler                     0x080001e7   Thumb Code     0  startup_stm32f103x6.o(.text)
    RTC_IRQHandler                           0x080001e7   Thumb Code     0  startup_stm32f103x6.o(.text)
    SPI1_IRQHandler                          0x080001e7   Thumb Code     0  startup_stm32f103x6.o(.text)
    TAMPER_IRQHandler                        0x080001e7   Thumb Code     0  startup_stm32f103x6.o(.text)
    TIM1_BRK_IRQHandler                      0x080001e7   Thumb Code     0  startup_stm32f103x6.o(.text)
    TIM1_CC_IRQHandler                       0x080001e7   Thumb Code     0  startup_stm32f103x6.o(.text)
    TIM1_TRG_COM_IRQHandler                  0x080001e7   Thumb Code     0  startup_stm32f103x6.o(.text)
    TIM1_UP_IRQHandler                       0x080001e7   Thumb Code     0  startup_stm32f103x6.o(.text)
    TIM2_IRQHandler                          0x080001e7   Thumb Code     0  startup_stm32f103x6.o(.text)
    TIM3_IRQHandler                          0x080001e7   Thumb Code     0  startup_stm32f103x6.o(.text)
    USART2_IRQHandler                        0x080001e7   Thumb Code     0  startup_stm32f103x6.o(.text)
    USBWakeUp_IRQHandler                     0x080001e7   Thumb Code     0  startup_stm32f103x6.o(.text)
    USB_HP_CAN1_TX_IRQHandler                0x080001e7   Thumb Code     0  startup_stm32f103x6.o(.text)
    USB_LP_CAN1_RX0_IRQHandler               0x080001e7   Thumb Code     0  startup_stm32f103x6.o(.text)
    WWDG_IRQHandler                          0x080001e7   Thumb Code     0  startup_stm32f103x6.o(.text)
    __user_initial_stackheap                 0x080001e9   Thumb Code     0  startup_stm32f103x6.o(.text)
    __2sprintf                               0x0800020d   Thumb Code    34  noretval__2sprintf.o(.text)
    __printf                                 0x08000235   Thumb Code   270  __printf_wp.o(.text)
    strlen                                   0x08000343   Thumb Code    62  strlen.o(.text)
    __aeabi_memclr4                          0x08000381   Thumb Code     0  rt_memclr_w.o(.text)
    __aeabi_memclr8                          0x08000381   Thumb Code     0  rt_memclr_w.o(.text)
    __rt_memclr_w                            0x08000381   Thumb Code     0  rt_memclr_w.o(.text)
    _memset_w                                0x08000385   Thumb Code    74  rt_memclr_w.o(.text)
    __use_two_region_memory                  0x080003cf   Thumb Code     2  heapauxi.o(.text)
    __rt_heap_escrow$2region                 0x080003d1   Thumb Code     2  heapauxi.o(.text)
    __rt_heap_expand$2region                 0x080003d3   Thumb Code     2  heapauxi.o(.text)
    _printf_fp_dec_real                      0x08000585   Thumb Code   620  _printf_fp_dec.o(.text)
    _printf_char_common                      0x080007fb   Thumb Code    32  _printf_char_common.o(.text)
    _sputc                                   0x08000821   Thumb Code    10  _sputc.o(.text)
    __rt_locale                              0x0800082d   Thumb Code     8  rt_locale_intlibspace.o(.text)
    _ll_udiv10                               0x08000835   Thumb Code   138  lludiv10.o(.text)
    _printf_fp_infnan                        0x080008c1   Thumb Code   112  _printf_fp_infnan.o(.text)
    _btod_etento                             0x08000941   Thumb Code   224  bigflt0.o(.text)
    __user_libspace                          0x08000a25   Thumb Code     8  libspace.o(.text)
    __user_perproc_libspace                  0x08000a25   Thumb Code     0  libspace.o(.text)
    __user_perthread_libspace                0x08000a25   Thumb Code     0  libspace.o(.text)
    __user_setup_stackheap                   0x08000a2d   Thumb Code    74  sys_stackheap_outer.o(.text)
    exit                                     0x08000a77   Thumb Code    18  exit.o(.text)
    strcmp                                   0x08000a89   Thumb Code   128  strcmpv7m.o(.text)
    _sys_exit                                0x08000b09   Thumb Code     8  sys_exit.o(.text)
    __I$use$semihosting                      0x08000b15   Thumb Code     0  use_no_semi.o(.text)
    __use_no_semihosting_swi                 0x08000b15   Thumb Code     2  use_no_semi.o(.text)
    __semihosting_library_function           0x08000b17   Thumb Code     0  indicate_semi.o(.text)
    ADC_Enable                               0x08000b19   Thumb Code   174  stm32f1xx_hal_adc.o(.text.ADC_Enable)
    BusFault_Handler                         0x08000bc9   Thumb Code     2  stm32f1xx_it.o(.text.BusFault_Handler)
    DebugMon_Handler                         0x08000bcd   Thumb Code     2  stm32f1xx_it.o(.text.DebugMon_Handler)
    Error_Handler                            0x08000bd1   Thumb Code    10  main.o(.text.Error_Handler)
    HAL_ADC_ConfigChannel                    0x08000bdd   Thumb Code   318  stm32f1xx_hal_adc.o(.text.HAL_ADC_ConfigChannel)
    HAL_ADC_GetValue                         0x08000d1d   Thumb Code     6  stm32f1xx_hal_adc.o(.text.HAL_ADC_GetValue)
    HAL_ADC_Init                             0x08000d25   Thumb Code   344  stm32f1xx_hal_adc.o(.text.HAL_ADC_Init)
    HAL_ADC_MspInit                          0x08000e7d   Thumb Code   102  adc.o(.text.HAL_ADC_MspInit)
    HAL_ADC_Start                            0x08000ee5   Thumb Code   206  stm32f1xx_hal_adc.o(.text.HAL_ADC_Start)
    HAL_DMA_Abort                            0x08000fb5   Thumb Code    70  stm32f1xx_hal_dma.o(.text.HAL_DMA_Abort)
    HAL_DMA_Abort_IT                         0x08000ffd   Thumb Code   182  stm32f1xx_hal_dma.o(.text.HAL_DMA_Abort_IT)
    HAL_Delay                                0x080010b5   Thumb Code    40  stm32f1xx_hal.o(.text.HAL_Delay)
    HAL_GPIO_Init                            0x080010dd   Thumb Code   510  stm32f1xx_hal_gpio.o(.text.HAL_GPIO_Init)
    HAL_GPIO_ReadPin                         0x080012dd   Thumb Code    10  stm32f1xx_hal_gpio.o(.text.HAL_GPIO_ReadPin)
    HAL_GPIO_WritePin                        0x080012e9   Thumb Code    10  stm32f1xx_hal_gpio.o(.text.HAL_GPIO_WritePin)
    HAL_GetTick                              0x080012f5   Thumb Code    12  stm32f1xx_hal.o(.text.HAL_GetTick)
    HAL_I2C_Init                             0x08001301   Thumb Code   356  stm32f1xx_hal_i2c.o(.text.HAL_I2C_Init)
    HAL_I2C_Mem_Write                        0x08001465   Thumb Code   348  stm32f1xx_hal_i2c.o(.text.HAL_I2C_Mem_Write)
    HAL_I2C_MspInit                          0x080015c1   Thumb Code   128  i2c.o(.text.HAL_I2C_MspInit)
    HAL_IncTick                              0x08001641   Thumb Code    26  stm32f1xx_hal.o(.text.HAL_IncTick)
    HAL_Init                                 0x0800165d   Thumb Code    38  stm32f1xx_hal.o(.text.HAL_Init)
    HAL_InitTick                             0x08001685   Thumb Code    72  stm32f1xx_hal.o(.text.HAL_InitTick)
    HAL_MspInit                              0x080016cd   Thumb Code    66  stm32f1xx_hal_msp.o(.text.HAL_MspInit)
    HAL_NVIC_EnableIRQ                       0x08001711   Thumb Code    34  stm32f1xx_hal_cortex.o(.text.HAL_NVIC_EnableIRQ)
    HAL_NVIC_SetPriority                     0x08001735   Thumb Code    86  stm32f1xx_hal_cortex.o(.text.HAL_NVIC_SetPriority)
    HAL_NVIC_SetPriorityGrouping             0x0800178d   Thumb Code    32  stm32f1xx_hal_cortex.o(.text.HAL_NVIC_SetPriorityGrouping)
    HAL_RCCEx_PeriphCLKConfig                0x080017ad   Thumb Code   258  stm32f1xx_hal_rcc_ex.o(.text.HAL_RCCEx_PeriphCLKConfig)
    HAL_RCC_ClockConfig                      0x080018b1   Thumb Code   442  stm32f1xx_hal_rcc.o(.text.HAL_RCC_ClockConfig)
    HAL_RCC_GetPCLK1Freq                     0x08001a6d   Thumb Code    38  stm32f1xx_hal_rcc.o(.text.HAL_RCC_GetPCLK1Freq)
    HAL_RCC_GetPCLK2Freq                     0x08001a95   Thumb Code    38  stm32f1xx_hal_rcc.o(.text.HAL_RCC_GetPCLK2Freq)
    HAL_RCC_OscConfig                        0x08001abd   Thumb Code  1024  stm32f1xx_hal_rcc.o(.text.HAL_RCC_OscConfig)
    HAL_SYSTICK_Config                       0x08001ebd   Thumb Code    44  stm32f1xx_hal_cortex.o(.text.HAL_SYSTICK_Config)
    HAL_UARTEx_RxEventCallback               0x08001ee9   Thumb Code     2  stm32f1xx_hal_uart.o(.text.HAL_UARTEx_RxEventCallback)
    HAL_UART_ErrorCallback                   0x08001eed   Thumb Code     2  stm32f1xx_hal_uart.o(.text.HAL_UART_ErrorCallback)
    HAL_UART_IRQHandler                      0x08001ef1   Thumb Code  1392  stm32f1xx_hal_uart.o(.text.HAL_UART_IRQHandler)
    HAL_UART_Init                            0x08002461   Thumb Code   226  stm32f1xx_hal_uart.o(.text.HAL_UART_Init)
    HAL_UART_MspInit                         0x08002545   Thumb Code   142  usart.o(.text.HAL_UART_MspInit)
    HAL_UART_RxCpltCallback                  0x080025d5   Thumb Code     2  stm32f1xx_hal_uart.o(.text.HAL_UART_RxCpltCallback)
    HAL_UART_Transmit                        0x080025d9   Thumb Code   402  stm32f1xx_hal_uart.o(.text.HAL_UART_Transmit)
    HAL_UART_TxCpltCallback                  0x0800276d   Thumb Code     2  stm32f1xx_hal_uart.o(.text.HAL_UART_TxCpltCallback)
    HardFault_Handler                        0x08002771   Thumb Code     2  stm32f1xx_it.o(.text.HardFault_Handler)
    I2C_SendByte                             0x0800283d   Thumb Code   362  iic.o(.text.I2C_SendByte)
    I2C_Start                                0x080029a9   Thumb Code    66  iic.o(.text.I2C_Start)
    I2C_Stop                                 0x080029ed   Thumb Code    56  iic.o(.text.I2C_Stop)
    Key_GetNum                               0x08002e41   Thumb Code    20  key.o(.text.Key_GetNum)
    Key_Tick                                 0x08002e55   Thumb Code   130  key.o(.text.Key_Tick)
    MCP4725_SetVoltage_EEPROM                0x08002ed9   Thumb Code    56  mcp4725.o(.text.MCP4725_SetVoltage_EEPROM)
    MX_ADC1_Init                             0x08002f11   Thumb Code    88  adc.o(.text.MX_ADC1_Init)
    MX_GPIO_Init                             0x08002f69   Thumb Code   182  gpio.o(.text.MX_GPIO_Init)
    MX_I2C1_Init                             0x08003021   Thumb Code    66  i2c.o(.text.MX_I2C1_Init)
    MX_USART1_UART_Init                      0x08003065   Thumb Code    60  usart.o(.text.MX_USART1_UART_Init)
    MemManage_Handler                        0x080030a1   Thumb Code     2  stm32f1xx_it.o(.text.MemManage_Handler)
    NMI_Handler                              0x080030a5   Thumb Code     2  stm32f1xx_it.o(.text.NMI_Handler)
    OLED_Clear                               0x080030a9   Thumb Code   172  oled.o(.text.OLED_Clear)
    OLED_Init                                0x08003155   Thumb Code    16  oled.o(.text.OLED_Init)
    OLED_ShowChar                            0x08003165   Thumb Code   936  oled.o(.text.OLED_ShowChar)
    OLED_ShowString                          0x0800350d   Thumb Code    64  oled.o(.text.OLED_ShowString)
    PendSV_Handler                           0x0800354d   Thumb Code     2  stm32f1xx_it.o(.text.PendSV_Handler)
    Process_Init                             0x08003551   Thumb Code    64  fun.o(.text.Process_Init)
    SVC_Handler                              0x08003591   Thumb Code     2  stm32f1xx_it.o(.text.SVC_Handler)
    SysTick_Handler                          0x08003595   Thumb Code    32  stm32f1xx_it.o(.text.SysTick_Handler)
    SystemInit                               0x080035b5   Thumb Code     2  system_stm32f1xx.o(.text.SystemInit)
    USART1_IRQHandler                        0x080036c5   Thumb Code   130  stm32f1xx_it.o(.text.USART1_IRQHandler)
    UsageFault_Handler                       0x08003749   Thumb Code     2  stm32f1xx_it.o(.text.UsageFault_Handler)
    WriteCmd                                 0x0800374d   Thumb Code   606  oled.o(.text.WriteCmd)
    i2c_proc                                 0x080039ad   Thumb Code    70  fun.o(.text.i2c_proc)
    key_proc                                 0x080039f5   Thumb Code   170  fun.o(.text.key_proc)
    main                                     0x08003aa1   Thumb Code   232  main.o(.text.main)
    oled_proc                                0x08003b95   Thumb Code   160  fun.o(.text.oled_proc)
    sig_proc                                 0x08003c55   Thumb Code   150  fun.o(.text.sig_proc)
    uart_proc                                0x08003ced   Thumb Code   380  fun.o(.text.uart_proc)
    _btod_d2e                                0x08003e81   Thumb Code    62  btod.o(CL$$btod_d2e)
    _d2e_denorm_low                          0x08003ebf   Thumb Code    70  btod.o(CL$$btod_d2e_denorm_low)
    _d2e_norm_op1                            0x08003f05   Thumb Code    96  btod.o(CL$$btod_d2e_norm_op1)
    __btod_div_common                        0x08003f65   Thumb Code   696  btod.o(CL$$btod_div_common)
    _e2e                                     0x0800429d   Thumb Code   220  btod.o(CL$$btod_e2e)
    _btod_ediv                               0x08004379   Thumb Code    42  btod.o(CL$$btod_ediv)
    _btod_emul                               0x080043a3   Thumb Code    42  btod.o(CL$$btod_emul)
    __btod_mult_common                       0x080043cd   Thumb Code   580  btod.o(CL$$btod_mult_common)
    __ARM_fpclassify                         0x08004611   Thumb Code    40  fpclassify.o(i.__ARM_fpclassify)
    _is_digit                                0x08004639   Thumb Code    14  __printf_wp.o(i._is_digit)
    _get_lc_numeric                          0x08004649   Thumb Code    44  lc_numeric_c.o(locale$$code)
    __aeabi_dadd                             0x08004675   Thumb Code     0  daddsub_clz.o(x$fpl$dadd)
    _dadd                                    0x08004675   Thumb Code   332  daddsub_clz.o(x$fpl$dadd)
    __fpl_dcmp_Inf                           0x080047c5   Thumb Code    24  dcmpi.o(x$fpl$dcmpinf)
    __aeabi_ddiv                             0x080047dd   Thumb Code     0  ddiv.o(x$fpl$ddiv)
    _ddiv                                    0x080047dd   Thumb Code   560  ddiv.o(x$fpl$ddiv)
    __aeabi_cdcmpeq                          0x08004a95   Thumb Code     0  deqf.o(x$fpl$deqf)
    _dcmpeq                                  0x08004a95   Thumb Code   120  deqf.o(x$fpl$deqf)
    __aeabi_d2iz                             0x08004b0d   Thumb Code     0  dfix.o(x$fpl$dfix)
    _dfix                                    0x08004b0d   Thumb Code    94  dfix.o(x$fpl$dfix)
    __aeabi_ui2d                             0x08004b6b   Thumb Code     0  dflt_clz.o(x$fpl$dfltu)
    _dfltu                                   0x08004b6b   Thumb Code    38  dflt_clz.o(x$fpl$dfltu)
    __aeabi_cdcmpge                          0x08004b91   Thumb Code     0  dgeqf.o(x$fpl$dgeqf)
    _dcmpge                                  0x08004b91   Thumb Code   120  dgeqf.o(x$fpl$dgeqf)
    __aeabi_cdcmple                          0x08004c09   Thumb Code     0  dleqf.o(x$fpl$dleqf)
    _dcmple                                  0x08004c09   Thumb Code   120  dleqf.o(x$fpl$dleqf)
    __fpl_dcmple_InfNaN                      0x08004c6b   Thumb Code     0  dleqf.o(x$fpl$dleqf)
    __aeabi_dmul                             0x08004c81   Thumb Code     0  dmul.o(x$fpl$dmul)
    _dmul                                    0x08004c81   Thumb Code   332  dmul.o(x$fpl$dmul)
    __fpl_dnaninf                            0x08004dd5   Thumb Code   156  dnaninf.o(x$fpl$dnaninf)
    __fpl_dretinf                            0x08004e71   Thumb Code    12  dretinf.o(x$fpl$dretinf)
    __aeabi_dsub                             0x08004e7d   Thumb Code     0  daddsub_clz.o(x$fpl$dsub)
    _dsub                                    0x08004e7d   Thumb Code   472  daddsub_clz.o(x$fpl$dsub)
    __aeabi_dcmpeq                           0x08005059   Thumb Code     0  dcmp.o(x$fpl$fcmp)
    _deq                                     0x08005059   Thumb Code    14  dcmp.o(x$fpl$fcmp)
    _dneq                                    0x08005067   Thumb Code    14  dcmp.o(x$fpl$fcmp)
    __aeabi_dcmpgt                           0x08005075   Thumb Code     0  dcmp.o(x$fpl$fcmp)
    _dgr                                     0x08005075   Thumb Code    14  dcmp.o(x$fpl$fcmp)
    __aeabi_dcmpge                           0x08005083   Thumb Code     0  dcmp.o(x$fpl$fcmp)
    _dgeq                                    0x08005083   Thumb Code    14  dcmp.o(x$fpl$fcmp)
    __aeabi_dcmple                           0x08005091   Thumb Code     0  dcmp.o(x$fpl$fcmp)
    _dleq                                    0x08005091   Thumb Code    14  dcmp.o(x$fpl$fcmp)
    __aeabi_dcmplt                           0x0800509f   Thumb Code     0  dcmp.o(x$fpl$fcmp)
    _dls                                     0x0800509f   Thumb Code    14  dcmp.o(x$fpl$fcmp)
    _printf_fp_dec                           0x080050ad   Thumb Code     4  printf1.o(x$fpl$printf1)
    __I$use$fp                               0x080050b0   Number         0  usenofp.o(x$fpl$usenofp)
    AHBPrescTable                            0x08005144   Data          16  system_stm32f1xx.o(.rodata.AHBPrescTable)
    APBPrescTable                            0x08005154   Data           8  system_stm32f1xx.o(.rodata.APBPrescTable)
    F6x8                                     0x0800515c   Data         552  oled.o(.rodata.F6x8)
    F8X16                                    0x08005384   Data        1504  oled.o(.rodata.F8X16)
    Region$$Table$$Base                      0x0800599c   Number         0  anon$$obj.o(Region$$Table)
    Region$$Table$$Limit                     0x080059bc   Number         0  anon$$obj.o(Region$$Table)
    uwTickFreq                               0x20000000   Data           1  stm32f1xx_hal.o(.data..L_MergedGlobals)
    uwTickPrio                               0x20000004   Data           4  stm32f1xx_hal.o(.data..L_MergedGlobals)
    notarize_flag                            0x20000008   Data           1  fun.o(.data..L_MergedGlobals)
    oled_tick                                0x2000000a   Data           2  fun.o(.data..L_MergedGlobals)
    V_set                                    0x20000010   Data           8  fun.o(.data..L_MergedGlobals)
    CMD_Data                                 0x20000018   Data          27  oled.o(.data.CMD_Data)
    SystemCoreClock                          0x20000034   Data           4  system_stm32f1xx.o(.data.SystemCoreClock)
    __libspace_start                         0x20000038   Data          96  libspace.o(.bss)
    Key_Num                                  0x20000098   Data           1  key.o(.bss..L_MergedGlobals)
    __temporary_stack_top$libspace           0x20000098   Data           0  libspace.o(.bss)
    rx_flag                                  0x200000a0   Data           1  fun.o(.bss..L_MergedGlobals.7)
    change_flag                              0x200000a1   Data           1  fun.o(.bss..L_MergedGlobals.7)
    KeyNum                                   0x200000a2   Data           1  fun.o(.bss..L_MergedGlobals.7)
    rx_index                                 0x200000a4   Data           2  fun.o(.bss..L_MergedGlobals.7)
    current_V                                0x200000a8   Data           8  fun.o(.bss..L_MergedGlobals.7)
    Vin                                      0x200000b0   Data           8  fun.o(.bss..L_MergedGlobals.7)
    current_I                                0x200000b8   Data           8  fun.o(.bss..L_MergedGlobals.7)
    tx_buf                                   0x200000c0   Data          20  fun.o(.bss..L_MergedGlobals.7)
    buf                                      0x200000d4   Data          20  fun.o(.bss..L_MergedGlobals.7)
    hadc1                                    0x200000e8   Data          48  adc.o(.bss.hadc1)
    hi2c1                                    0x20000118   Data          84  i2c.o(.bss.hi2c1)
    huart1                                   0x2000016c   Data          72  usart.o(.bss.huart1)
    rx_buf                                   0x200001b4   Data        1024  fun.o(.bss.rx_buf)
    uwTick                                   0x200005b4   Data           4  stm32f1xx_hal.o(.bss.uwTick)



==============================================================================

Memory Map of the image

  Image Entry point : 0x080000ed

  Load Region LR_IROM1 (Base: 0x08000000, Size: 0x00005a10, Max: 0x00008000, ABSOLUTE)

    Execution Region ER_IROM1 (Exec base: 0x08000000, Load base: 0x08000000, Size: 0x000059d8, Max: 0x00008000, ABSOLUTE)

    Exec Addr    Load Addr    Size         Type   Attr      Idx    E Section Name        Object

    0x08000000   0x08000000   0x000000ec   Data   RO            3    RESET               startup_stm32f103x6.o
    0x080000ec   0x080000ec   0x00000008   Code   RO          983  * !!!main             c_w.l(__main.o)
    0x080000f4   0x080000f4   0x0000005c   Code   RO         1247    !!!scatter          c_w.l(__scatter.o)
    0x08000150   0x08000150   0x0000001a   Code   RO         1251    !!handler_copy      c_w.l(__scatter_copy.o)
    0x0800016a   0x0800016a   0x00000002   PAD
    0x0800016c   0x0800016c   0x00000002   Code   RO         1248    !!handler_null      c_w.l(__scatter.o)
    0x0800016e   0x0800016e   0x00000002   PAD
    0x08000170   0x08000170   0x0000001c   Code   RO         1253    !!handler_zi        c_w.l(__scatter_zi.o)
    0x0800018c   0x0800018c   0x00000000   Code   RO          976    .ARM.Collect$$_printf_percent$$00000000  c_w.l(_printf_percent.o)
    0x0800018c   0x0800018c   0x00000006   Code   RO          975    .ARM.Collect$$_printf_percent$$00000003  c_w.l(_printf_f.o)
    0x08000192   0x08000192   0x00000004   Code   RO         1020    .ARM.Collect$$_printf_percent$$00000017  c_w.l(_printf_percent_end.o)
    0x08000196   0x08000196   0x00000002   Code   RO         1110    .ARM.Collect$$libinit$$00000000  c_w.l(libinit.o)
    0x08000198   0x08000198   0x00000000   Code   RO         1112    .ARM.Collect$$libinit$$00000002  c_w.l(libinit2.o)
    0x08000198   0x08000198   0x00000000   Code   RO         1114    .ARM.Collect$$libinit$$00000004  c_w.l(libinit2.o)
    0x08000198   0x08000198   0x00000000   Code   RO         1116    .ARM.Collect$$libinit$$00000006  c_w.l(libinit2.o)
    0x08000198   0x08000198   0x00000000   Code   RO         1119    .ARM.Collect$$libinit$$0000000C  c_w.l(libinit2.o)
    0x08000198   0x08000198   0x00000000   Code   RO         1121    .ARM.Collect$$libinit$$0000000E  c_w.l(libinit2.o)
    0x08000198   0x08000198   0x00000000   Code   RO         1123    .ARM.Collect$$libinit$$00000010  c_w.l(libinit2.o)
    0x08000198   0x08000198   0x00000006   Code   RO         1124    .ARM.Collect$$libinit$$00000011  c_w.l(libinit2.o)
    0x0800019e   0x0800019e   0x00000000   Code   RO         1126    .ARM.Collect$$libinit$$00000013  c_w.l(libinit2.o)
    0x0800019e   0x0800019e   0x00000000   Code   RO         1128    .ARM.Collect$$libinit$$00000015  c_w.l(libinit2.o)
    0x0800019e   0x0800019e   0x00000000   Code   RO         1130    .ARM.Collect$$libinit$$00000017  c_w.l(libinit2.o)
    0x0800019e   0x0800019e   0x0000000a   Code   RO         1131    .ARM.Collect$$libinit$$00000018  c_w.l(libinit2.o)
    0x080001a8   0x080001a8   0x00000000   Code   RO         1132    .ARM.Collect$$libinit$$00000019  c_w.l(libinit2.o)
    0x080001a8   0x080001a8   0x00000000   Code   RO         1134    .ARM.Collect$$libinit$$0000001B  c_w.l(libinit2.o)
    0x080001a8   0x080001a8   0x00000000   Code   RO         1136    .ARM.Collect$$libinit$$0000001D  c_w.l(libinit2.o)
    0x080001a8   0x080001a8   0x00000000   Code   RO         1138    .ARM.Collect$$libinit$$0000001F  c_w.l(libinit2.o)
    0x080001a8   0x080001a8   0x00000000   Code   RO         1140    .ARM.Collect$$libinit$$00000021  c_w.l(libinit2.o)
    0x080001a8   0x080001a8   0x00000000   Code   RO         1142    .ARM.Collect$$libinit$$00000023  c_w.l(libinit2.o)
    0x080001a8   0x080001a8   0x00000000   Code   RO         1144    .ARM.Collect$$libinit$$00000025  c_w.l(libinit2.o)
    0x080001a8   0x080001a8   0x00000000   Code   RO         1146    .ARM.Collect$$libinit$$00000027  c_w.l(libinit2.o)
    0x080001a8   0x080001a8   0x00000000   Code   RO         1150    .ARM.Collect$$libinit$$0000002E  c_w.l(libinit2.o)
    0x080001a8   0x080001a8   0x00000000   Code   RO         1152    .ARM.Collect$$libinit$$00000030  c_w.l(libinit2.o)
    0x080001a8   0x080001a8   0x00000000   Code   RO         1154    .ARM.Collect$$libinit$$00000032  c_w.l(libinit2.o)
    0x080001a8   0x080001a8   0x00000000   Code   RO         1156    .ARM.Collect$$libinit$$00000034  c_w.l(libinit2.o)
    0x080001a8   0x080001a8   0x00000002   Code   RO         1157    .ARM.Collect$$libinit$$00000035  c_w.l(libinit2.o)
    0x080001aa   0x080001aa   0x00000002   Code   RO         1193    .ARM.Collect$$libshutdown$$00000000  c_w.l(libshutdown.o)
    0x080001ac   0x080001ac   0x00000000   Code   RO         1204    .ARM.Collect$$libshutdown$$00000002  c_w.l(libshutdown2.o)
    0x080001ac   0x080001ac   0x00000000   Code   RO         1206    .ARM.Collect$$libshutdown$$00000004  c_w.l(libshutdown2.o)
    0x080001ac   0x080001ac   0x00000000   Code   RO         1209    .ARM.Collect$$libshutdown$$00000007  c_w.l(libshutdown2.o)
    0x080001ac   0x080001ac   0x00000000   Code   RO         1212    .ARM.Collect$$libshutdown$$0000000A  c_w.l(libshutdown2.o)
    0x080001ac   0x080001ac   0x00000000   Code   RO         1214    .ARM.Collect$$libshutdown$$0000000C  c_w.l(libshutdown2.o)
    0x080001ac   0x080001ac   0x00000000   Code   RO         1217    .ARM.Collect$$libshutdown$$0000000F  c_w.l(libshutdown2.o)
    0x080001ac   0x080001ac   0x00000002   Code   RO         1218    .ARM.Collect$$libshutdown$$00000010  c_w.l(libshutdown2.o)
    0x080001ae   0x080001ae   0x00000000   Code   RO         1011    .ARM.Collect$$rtentry$$00000000  c_w.l(__rtentry.o)
    0x080001ae   0x080001ae   0x00000000   Code   RO         1033    .ARM.Collect$$rtentry$$00000002  c_w.l(__rtentry2.o)
    0x080001ae   0x080001ae   0x00000006   Code   RO         1045    .ARM.Collect$$rtentry$$00000004  c_w.l(__rtentry4.o)
    0x080001b4   0x080001b4   0x00000000   Code   RO         1035    .ARM.Collect$$rtentry$$00000009  c_w.l(__rtentry2.o)
    0x080001b4   0x080001b4   0x00000004   Code   RO         1036    .ARM.Collect$$rtentry$$0000000A  c_w.l(__rtentry2.o)
    0x080001b8   0x080001b8   0x00000000   Code   RO         1038    .ARM.Collect$$rtentry$$0000000C  c_w.l(__rtentry2.o)
    0x080001b8   0x080001b8   0x00000008   Code   RO         1039    .ARM.Collect$$rtentry$$0000000D  c_w.l(__rtentry2.o)
    0x080001c0   0x080001c0   0x00000002   Code   RO         1158    .ARM.Collect$$rtexit$$00000000  c_w.l(rtexit.o)
    0x080001c2   0x080001c2   0x00000000   Code   RO         1167    .ARM.Collect$$rtexit$$00000002  c_w.l(rtexit2.o)
    0x080001c2   0x080001c2   0x00000004   Code   RO         1168    .ARM.Collect$$rtexit$$00000003  c_w.l(rtexit2.o)
    0x080001c6   0x080001c6   0x00000006   Code   RO         1169    .ARM.Collect$$rtexit$$00000004  c_w.l(rtexit2.o)
    0x080001cc   0x080001cc   0x00000040   Code   RO            4    .text               startup_stm32f103x6.o
    0x0800020c   0x0800020c   0x00000028   Code   RO          951    .text               c_w.l(noretval__2sprintf.o)
    0x08000234   0x08000234   0x0000010e   Code   RO          963    .text               c_w.l(__printf_wp.o)
    0x08000342   0x08000342   0x0000003e   Code   RO          977    .text               c_w.l(strlen.o)
    0x08000380   0x08000380   0x0000004e   Code   RO          979    .text               c_w.l(rt_memclr_w.o)
    0x080003ce   0x080003ce   0x00000006   Code   RO          981    .text               c_w.l(heapauxi.o)
    0x080003d4   0x080003d4   0x0000041c   Code   RO         1012    .text               c_w.l(_printf_fp_dec.o)
    0x080007f0   0x080007f0   0x00000030   Code   RO         1016    .text               c_w.l(_printf_char_common.o)
    0x08000820   0x08000820   0x0000000a   Code   RO         1018    .text               c_w.l(_sputc.o)
    0x0800082a   0x0800082a   0x00000002   PAD
    0x0800082c   0x0800082c   0x00000008   Code   RO         1050    .text               c_w.l(rt_locale_intlibspace.o)
    0x08000834   0x08000834   0x0000008a   Code   RO         1052    .text               c_w.l(lludiv10.o)
    0x080008be   0x080008be   0x00000002   PAD
    0x080008c0   0x080008c0   0x00000080   Code   RO         1054    .text               c_w.l(_printf_fp_infnan.o)
    0x08000940   0x08000940   0x000000e4   Code   RO         1058    .text               c_w.l(bigflt0.o)
    0x08000a24   0x08000a24   0x00000008   Code   RO         1094    .text               c_w.l(libspace.o)
    0x08000a2c   0x08000a2c   0x0000004a   Code   RO         1097    .text               c_w.l(sys_stackheap_outer.o)
    0x08000a76   0x08000a76   0x00000012   Code   RO         1101    .text               c_w.l(exit.o)
    0x08000a88   0x08000a88   0x00000080   Code   RO         1103    .text               c_w.l(strcmpv7m.o)
    0x08000b08   0x08000b08   0x0000000c   Code   RO         1179    .text               c_w.l(sys_exit.o)
    0x08000b14   0x08000b14   0x00000002   Code   RO         1194    .text               c_w.l(use_no_semi.o)
    0x08000b16   0x08000b16   0x00000000   Code   RO         1196    .text               c_w.l(indicate_semi.o)
    0x08000b16   0x08000b16   0x00000002   PAD
    0x08000b18   0x08000b18   0x000000ae   Code   RO          143    .text.ADC_Enable    stm32f1xx_hal_adc.o
    0x08000bc6   0x08000bc6   0x00000002   PAD
    0x08000bc8   0x08000bc8   0x00000002   Code   RO           86    .text.BusFault_Handler  stm32f1xx_it.o
    0x08000bca   0x08000bca   0x00000002   PAD
    0x08000bcc   0x08000bcc   0x00000002   Code   RO           92    .text.DebugMon_Handler  stm32f1xx_it.o
    0x08000bce   0x08000bce   0x00000002   PAD
    0x08000bd0   0x08000bd0   0x0000000a   Code   RO           15    .text.Error_Handler  main.o
    0x08000bda   0x08000bda   0x00000002   PAD
    0x08000bdc   0x08000bdc   0x0000013e   Code   RO          177    .text.HAL_ADC_ConfigChannel  stm32f1xx_hal_adc.o
    0x08000d1a   0x08000d1a   0x00000002   PAD
    0x08000d1c   0x08000d1c   0x00000006   Code   RO          165    .text.HAL_ADC_GetValue  stm32f1xx_hal_adc.o
    0x08000d22   0x08000d22   0x00000002   PAD
    0x08000d24   0x08000d24   0x00000158   Code   RO          131    .text.HAL_ADC_Init  stm32f1xx_hal_adc.o
    0x08000e7c   0x08000e7c   0x00000066   Code   RO           37    .text.HAL_ADC_MspInit  adc.o
    0x08000ee2   0x08000ee2   0x00000002   PAD
    0x08000ee4   0x08000ee4   0x000000ce   Code   RO          141    .text.HAL_ADC_Start  stm32f1xx_hal_adc.o
    0x08000fb2   0x08000fb2   0x00000002   PAD
    0x08000fb4   0x08000fb4   0x00000046   Code   RO          371    .text.HAL_DMA_Abort  stm32f1xx_hal_dma.o
    0x08000ffa   0x08000ffa   0x00000002   PAD
    0x08000ffc   0x08000ffc   0x000000b6   Code   RO          373    .text.HAL_DMA_Abort_IT  stm32f1xx_hal_dma.o
    0x080010b2   0x080010b2   0x00000002   PAD
    0x080010b4   0x080010b4   0x00000028   Code   RO          247    .text.HAL_Delay     stm32f1xx_hal.o
    0x080010dc   0x080010dc   0x000001fe   Code   RO          339    .text.HAL_GPIO_Init  stm32f1xx_hal_gpio.o
    0x080012da   0x080012da   0x00000002   PAD
    0x080012dc   0x080012dc   0x0000000a   Code   RO          343    .text.HAL_GPIO_ReadPin  stm32f1xx_hal_gpio.o
    0x080012e6   0x080012e6   0x00000002   PAD
    0x080012e8   0x080012e8   0x0000000a   Code   RO          345    .text.HAL_GPIO_WritePin  stm32f1xx_hal_gpio.o
    0x080012f2   0x080012f2   0x00000002   PAD
    0x080012f4   0x080012f4   0x0000000c   Code   RO          239    .text.HAL_GetTick   stm32f1xx_hal.o
    0x08001300   0x08001300   0x00000164   Code   RO          560    .text.HAL_I2C_Init  stm32f1xx_hal_i2c.o
    0x08001464   0x08001464   0x0000015c   Code   RO          604    .text.HAL_I2C_Mem_Write  stm32f1xx_hal_i2c.o
    0x080015c0   0x080015c0   0x00000080   Code   RO           52    .text.HAL_I2C_MspInit  i2c.o
    0x08001640   0x08001640   0x0000001a   Code   RO          237    .text.HAL_IncTick   stm32f1xx_hal.o
    0x0800165a   0x0800165a   0x00000002   PAD
    0x0800165c   0x0800165c   0x00000026   Code   RO          227    .text.HAL_Init      stm32f1xx_hal.o
    0x08001682   0x08001682   0x00000002   PAD
    0x08001684   0x08001684   0x00000048   Code   RO          229    .text.HAL_InitTick  stm32f1xx_hal.o
    0x080016cc   0x080016cc   0x00000042   Code   RO          108    .text.HAL_MspInit   stm32f1xx_hal_msp.o
    0x0800170e   0x0800170e   0x00000002   PAD
    0x08001710   0x08001710   0x00000022   Code   RO          399    .text.HAL_NVIC_EnableIRQ  stm32f1xx_hal_cortex.o
    0x08001732   0x08001732   0x00000002   PAD
    0x08001734   0x08001734   0x00000056   Code   RO          397    .text.HAL_NVIC_SetPriority  stm32f1xx_hal_cortex.o
    0x0800178a   0x0800178a   0x00000002   PAD
    0x0800178c   0x0800178c   0x00000020   Code   RO          395    .text.HAL_NVIC_SetPriorityGrouping  stm32f1xx_hal_cortex.o
    0x080017ac   0x080017ac   0x00000102   Code   RO          325    .text.HAL_RCCEx_PeriphCLKConfig  stm32f1xx_hal_rcc_ex.o
    0x080018ae   0x080018ae   0x00000002   PAD
    0x080018b0   0x080018b0   0x000001ba   Code   RO          291    .text.HAL_RCC_ClockConfig  stm32f1xx_hal_rcc.o
    0x08001a6a   0x08001a6a   0x00000002   PAD
    0x08001a6c   0x08001a6c   0x00000026   Code   RO          303    .text.HAL_RCC_GetPCLK1Freq  stm32f1xx_hal_rcc.o
    0x08001a92   0x08001a92   0x00000002   PAD
    0x08001a94   0x08001a94   0x00000026   Code   RO          305    .text.HAL_RCC_GetPCLK2Freq  stm32f1xx_hal_rcc.o
    0x08001aba   0x08001aba   0x00000002   PAD
    0x08001abc   0x08001abc   0x00000400   Code   RO          289    .text.HAL_RCC_OscConfig  stm32f1xx_hal_rcc.o
    0x08001ebc   0x08001ebc   0x0000002c   Code   RO          407    .text.HAL_SYSTICK_Config  stm32f1xx_hal_cortex.o
    0x08001ee8   0x08001ee8   0x00000002   Code   RO          782    .text.HAL_UARTEx_RxEventCallback  stm32f1xx_hal_uart.o
    0x08001eea   0x08001eea   0x00000002   PAD
    0x08001eec   0x08001eec   0x00000002   Code   RO          780    .text.HAL_UART_ErrorCallback  stm32f1xx_hal_uart.o
    0x08001eee   0x08001eee   0x00000002   PAD
    0x08001ef0   0x08001ef0   0x00000570   Code   RO          774    .text.HAL_UART_IRQHandler  stm32f1xx_hal_uart.o
    0x08002460   0x08002460   0x000000e2   Code   RO          698    .text.HAL_UART_Init  stm32f1xx_hal_uart.o
    0x08002542   0x08002542   0x00000002   PAD
    0x08002544   0x08002544   0x0000008e   Code   RO           67    .text.HAL_UART_MspInit  usart.o
    0x080025d2   0x080025d2   0x00000002   PAD
    0x080025d4   0x080025d4   0x00000002   Code   RO          788    .text.HAL_UART_RxCpltCallback  stm32f1xx_hal_uart.o
    0x080025d6   0x080025d6   0x00000002   PAD
    0x080025d8   0x080025d8   0x00000192   Code   RO          712    .text.HAL_UART_Transmit  stm32f1xx_hal_uart.o
    0x0800276a   0x0800276a   0x00000002   PAD
    0x0800276c   0x0800276c   0x00000002   Code   RO          784    .text.HAL_UART_TxCpltCallback  stm32f1xx_hal_uart.o
    0x0800276e   0x0800276e   0x00000002   PAD
    0x08002770   0x08002770   0x00000002   Code   RO           82    .text.HardFault_Handler  stm32f1xx_it.o
    0x08002772   0x08002772   0x00000002   PAD
    0x08002774   0x08002774   0x000000c8   Code   RO          606    .text.I2C_RequestMemoryWrite  stm32f1xx_hal_i2c.o
    0x0800283c   0x0800283c   0x0000016a   Code   RO          936    .text.I2C_SendByte  iic.o
    0x080029a6   0x080029a6   0x00000002   PAD
    0x080029a8   0x080029a8   0x00000042   Code   RO          930    .text.I2C_Start     iic.o
    0x080029ea   0x080029ea   0x00000002   PAD
    0x080029ec   0x080029ec   0x00000038   Code   RO          932    .text.I2C_Stop      iic.o
    0x08002a24   0x08002a24   0x000000ba   Code   RO          574    .text.I2C_WaitOnBTFFlagUntilTimeout  stm32f1xx_hal_i2c.o
    0x08002ade   0x08002ade   0x00000002   PAD
    0x08002ae0   0x08002ae0   0x000001ca   Code   RO          570    .text.I2C_WaitOnFlagUntilTimeout  stm32f1xx_hal_i2c.o
    0x08002caa   0x08002caa   0x00000002   PAD
    0x08002cac   0x08002cac   0x000000d6   Code   RO          688    .text.I2C_WaitOnMasterAddressFlagUntilTimeout  stm32f1xx_hal_i2c.o
    0x08002d82   0x08002d82   0x00000002   PAD
    0x08002d84   0x08002d84   0x000000ba   Code   RO          572    .text.I2C_WaitOnTXEFlagUntilTimeout  stm32f1xx_hal_i2c.o
    0x08002e3e   0x08002e3e   0x00000002   PAD
    0x08002e40   0x08002e40   0x00000014   Code   RO          859    .text.Key_GetNum    key.o
    0x08002e54   0x08002e54   0x00000082   Code   RO          863    .text.Key_Tick      key.o
    0x08002ed6   0x08002ed6   0x00000002   PAD
    0x08002ed8   0x08002ed8   0x00000038   Code   RO          918    .text.MCP4725_SetVoltage_EEPROM  mcp4725.o
    0x08002f10   0x08002f10   0x00000058   Code   RO           35    .text.MX_ADC1_Init  adc.o
    0x08002f68   0x08002f68   0x000000b6   Code   RO           26    .text.MX_GPIO_Init  gpio.o
    0x0800301e   0x0800301e   0x00000002   PAD
    0x08003020   0x08003020   0x00000042   Code   RO           50    .text.MX_I2C1_Init  i2c.o
    0x08003062   0x08003062   0x00000002   PAD
    0x08003064   0x08003064   0x0000003c   Code   RO           65    .text.MX_USART1_UART_Init  usart.o
    0x080030a0   0x080030a0   0x00000002   Code   RO           84    .text.MemManage_Handler  stm32f1xx_it.o
    0x080030a2   0x080030a2   0x00000002   PAD
    0x080030a4   0x080030a4   0x00000002   Code   RO           80    .text.NMI_Handler   stm32f1xx_it.o
    0x080030a6   0x080030a6   0x00000002   PAD
    0x080030a8   0x080030a8   0x000000ac   Code   RO          882    .text.OLED_Clear    oled.o
    0x08003154   0x08003154   0x00000010   Code   RO          880    .text.OLED_Init     oled.o
    0x08003164   0x08003164   0x000003a8   Code   RO          896    .text.OLED_ShowChar  oled.o
    0x0800350c   0x0800350c   0x00000040   Code   RO          898    .text.OLED_ShowString  oled.o
    0x0800354c   0x0800354c   0x00000002   Code   RO           94    .text.PendSV_Handler  stm32f1xx_it.o
    0x0800354e   0x0800354e   0x00000002   PAD
    0x08003550   0x08003550   0x00000040   Code   RO          833    .text.Process_Init  fun.o
    0x08003590   0x08003590   0x00000002   Code   RO           90    .text.SVC_Handler   stm32f1xx_it.o
    0x08003592   0x08003592   0x00000002   PAD
    0x08003594   0x08003594   0x00000020   Code   RO           96    .text.SysTick_Handler  stm32f1xx_it.o
    0x080035b4   0x080035b4   0x00000002   Code   RO          818    .text.SystemInit    system_stm32f1xx.o
    0x080035b6   0x080035b6   0x00000002   PAD
    0x080035b8   0x080035b8   0x0000000c   Code   RO          778    .text.UART_DMAAbortOnError  stm32f1xx_hal_uart.o
    0x080035c4   0x080035c4   0x000000fe   Code   RO          776    .text.UART_Receive_IT  stm32f1xx_hal_uart.o
    0x080036c2   0x080036c2   0x00000002   PAD
    0x080036c4   0x080036c4   0x00000082   Code   RO           98    .text.USART1_IRQHandler  stm32f1xx_it.o
    0x08003746   0x08003746   0x00000002   PAD
    0x08003748   0x08003748   0x00000002   Code   RO           88    .text.UsageFault_Handler  stm32f1xx_it.o
    0x0800374a   0x0800374a   0x00000002   PAD
    0x0800374c   0x0800374c   0x0000025e   Code   RO          874    .text.WriteCmd      oled.o
    0x080039aa   0x080039aa   0x00000002   PAD
    0x080039ac   0x080039ac   0x00000046   Code   RO          843    .text.i2c_proc      fun.o
    0x080039f2   0x080039f2   0x00000002   PAD
    0x080039f4   0x080039f4   0x000000aa   Code   RO          835    .text.key_proc      fun.o
    0x08003a9e   0x08003a9e   0x00000002   PAD
    0x08003aa0   0x08003aa0   0x000000f4   Code   RO           11    .text.main          main.o
    0x08003b94   0x08003b94   0x000000c0   Code   RO          841    .text.oled_proc     fun.o
    0x08003c54   0x08003c54   0x00000096   Code   RO          839    .text.sig_proc      fun.o
    0x08003cea   0x08003cea   0x00000002   PAD
    0x08003cec   0x08003cec   0x00000194   Code   RO          837    .text.uart_proc     fun.o
    0x08003e80   0x08003e80   0x0000003e   Code   RO         1061    CL$$btod_d2e        c_w.l(btod.o)
    0x08003ebe   0x08003ebe   0x00000046   Code   RO         1063    CL$$btod_d2e_denorm_low  c_w.l(btod.o)
    0x08003f04   0x08003f04   0x00000060   Code   RO         1062    CL$$btod_d2e_norm_op1  c_w.l(btod.o)
    0x08003f64   0x08003f64   0x00000338   Code   RO         1071    CL$$btod_div_common  c_w.l(btod.o)
    0x0800429c   0x0800429c   0x000000dc   Code   RO         1068    CL$$btod_e2e        c_w.l(btod.o)
    0x08004378   0x08004378   0x0000002a   Code   RO         1065    CL$$btod_ediv       c_w.l(btod.o)
    0x080043a2   0x080043a2   0x0000002a   Code   RO         1064    CL$$btod_emul       c_w.l(btod.o)
    0x080043cc   0x080043cc   0x00000244   Code   RO         1070    CL$$btod_mult_common  c_w.l(btod.o)
    0x08004610   0x08004610   0x00000028   Code   RO         1092    i.__ARM_fpclassify  m_ws.l(fpclassify.o)
    0x08004638   0x08004638   0x0000000e   Code   RO          965    i._is_digit         c_w.l(__printf_wp.o)
    0x08004646   0x08004646   0x00000002   PAD
    0x08004648   0x08004648   0x0000002c   Code   RO         1086    locale$$code        c_w.l(lc_numeric_c.o)
    0x08004674   0x08004674   0x00000150   Code   RO          985    x$fpl$dadd          fz_ws.l(daddsub_clz.o)
    0x080047c4   0x080047c4   0x00000018   Code   RO         1088    x$fpl$dcmpinf       fz_ws.l(dcmpi.o)
    0x080047dc   0x080047dc   0x000002b8   Code   RO          994    x$fpl$ddiv          fz_ws.l(ddiv.o)
    0x08004a94   0x08004a94   0x00000078   Code   RO         1021    x$fpl$deqf          fz_ws.l(deqf.o)
    0x08004b0c   0x08004b0c   0x0000005e   Code   RO          997    x$fpl$dfix          fz_ws.l(dfix.o)
    0x08004b6a   0x08004b6a   0x00000026   Code   RO         1001    x$fpl$dfltu         fz_ws.l(dflt_clz.o)
    0x08004b90   0x08004b90   0x00000078   Code   RO         1023    x$fpl$dgeqf         fz_ws.l(dgeqf.o)
    0x08004c08   0x08004c08   0x00000078   Code   RO         1025    x$fpl$dleqf         fz_ws.l(dleqf.o)
    0x08004c80   0x08004c80   0x00000154   Code   RO         1007    x$fpl$dmul          fz_ws.l(dmul.o)
    0x08004dd4   0x08004dd4   0x0000009c   Code   RO         1027    x$fpl$dnaninf       fz_ws.l(dnaninf.o)
    0x08004e70   0x08004e70   0x0000000c   Code   RO         1029    x$fpl$dretinf       fz_ws.l(dretinf.o)
    0x08004e7c   0x08004e7c   0x000001dc   Code   RO          987    x$fpl$dsub          fz_ws.l(daddsub_clz.o)
    0x08005058   0x08005058   0x00000054   Code   RO          991    x$fpl$fcmp          fz_ws.l(dcmp.o)
    0x080050ac   0x080050ac   0x00000004   Code   RO         1009    x$fpl$printf1       fz_ws.l(printf1.o)
    0x080050b0   0x080050b0   0x00000000   Code   RO         1031    x$fpl$usenofp       fz_ws.l(usenofp.o)
    0x080050b0   0x080050b0   0x00000094   Data   RO         1059    .constdata          c_w.l(bigflt0.o)
    0x08005144   0x08005144   0x00000010   Data   RO          823    .rodata.AHBPrescTable  system_stm32f1xx.o
    0x08005154   0x08005154   0x00000008   Data   RO          824    .rodata.APBPrescTable  system_stm32f1xx.o
    0x0800515c   0x0800515c   0x00000228   Data   RO          902    .rodata.F6x8        oled.o
    0x08005384   0x08005384   0x000005e0   Data   RO          903    .rodata.F8X16       oled.o
    0x08005964   0x08005964   0x00000002   Data   RO          316    .rodata.HAL_RCC_GetSysClockFreq.aPredivFactorTable  stm32f1xx_hal_rcc.o
    0x08005966   0x08005966   0x00000010   Data   RO          315    .rodata.cst16       stm32f1xx_hal_rcc.o
    0x08005976   0x08005976   0x00000002   PAD
    0x08005978   0x08005978   0x00000023   Data   RO          848    .rodata.str1.4      fun.o
    0x0800599b   0x0800599b   0x00000001   PAD
    0x0800599c   0x0800599c   0x00000020   Data   RO         1246    Region$$Table       anon$$obj.o
    0x080059bc   0x080059bc   0x0000001c   Data   RO         1085    locale$$data        c_w.l(lc_numeric_c.o)


    Execution Region RW_IRAM1 (Exec base: 0x20000000, Load base: 0x080059d8, Size: 0x00000bb8, Max: 0x00002800, ABSOLUTE)

    Exec Addr    Load Addr    Size         Type   Attr      Idx    E Section Name        Object

    0x20000000   0x080059d8   0x00000008   Data   RW          278    .data..L_MergedGlobals  stm32f1xx_hal.o
    0x20000008   0x080059e0   0x00000010   Data   RW          850    .data..L_MergedGlobals  fun.o
    0x20000018   0x080059f0   0x0000001b   Data   RW          905    .data.CMD_Data      oled.o
    0x20000033   0x08005a0b   0x00000001   PAD
    0x20000034   0x08005a0c   0x00000004   Data   RW          822    .data.SystemCoreClock  system_stm32f1xx.o
    0x20000038        -       0x00000060   Zero   RW         1095    .bss                c_w.l(libspace.o)
    0x20000098        -       0x00000004   Zero   RW          865    .bss..L_MergedGlobals  key.o
    0x2000009c   0x08005a10   0x00000004   PAD
    0x200000a0        -       0x00000048   Zero   RW          851    .bss..L_MergedGlobals.7  fun.o
    0x200000e8        -       0x00000030   Zero   RW           41    .bss.hadc1          adc.o
    0x20000118        -       0x00000054   Zero   RW           56    .bss.hi2c1          i2c.o
    0x2000016c        -       0x00000048   Zero   RW           71    .bss.huart1         usart.o
    0x200001b4        -       0x00000400   Zero   RW          846    .bss.rx_buf         fun.o
    0x200005b4        -       0x00000004   Zero   RW          277    .bss.uwTick         stm32f1xx_hal.o
    0x200005b8        -       0x00000200   Zero   RW            2    HEAP                startup_stm32f103x6.o
    0x200007b8        -       0x00000400   Zero   RW            1    STACK               startup_stm32f103x6.o


==============================================================================

Image component sizes


      Code (inc. data)   RO Data    RW Data    ZI Data      Debug   Object Name

       190          0          0          0         48       4189   adc.o
      1050         60         35         16       1096       3172   fun.o
       182          0          0          0          0       1650   gpio.o
       194          0          0          0         84       4787   i2c.o
       484          0          0          0          0       3266   iic.o
       150          0          0          0          4       1678   key.o
       254         12          0          0          0       3554   main.o
        56          0          0          0          0       1480   mcp4725.o
      1794          0       2056         27          0      11087   oled.o
        64         26        236          0       1536        816   startup_stm32f103x6.o
       188          0          0          8          4       5720   stm32f1xx_hal.o
      1048          0          0          0          0      13579   stm32f1xx_hal_adc.o
       196          0          0          0          0       8375   stm32f1xx_hal_cortex.o
       252          0          0          0          0       8611   stm32f1xx_hal_dma.o
       530         20          0          0          0       4768   stm32f1xx_hal_gpio.o
      1948          0          0          0          0      45157   stm32f1xx_hal_i2c.o
        66          0          0          0          0       1249   stm32f1xx_hal_msp.o
      1542          0         18          0          0       8116   stm32f1xx_hal_rcc.o
       258          0          0          0          0       3720   stm32f1xx_hal_rcc_ex.o
      2294          0          0          0          0      33201   stm32f1xx_hal_uart.o
       178          0          0          0          0       4131   stm32f1xx_it.o
         2          0         24          4          0       1627   system_stm32f1xx.o
       202          0          0          0         72       5392   usart.o

    ----------------------------------------------------------------------
     13224        118       2404         56       2848     179325   Object Totals
         0          0         32          0          0          0   (incl. Generated)
       102          0          3          1          4          0   (incl. Padding)

    ----------------------------------------------------------------------

      Code (inc. data)   RO Data    RW Data    ZI Data      Debug   Library Member Name

         8          0          0          0          0         68   __main.o
       284          0          0          0          0        156   __printf_wp.o
         0          0          0          0          0          0   __rtentry.o
        12          0          0          0          0          0   __rtentry2.o
         6          0          0          0          0          0   __rtentry4.o
        94          8          0          0          0          0   __scatter.o
        26          0          0          0          0          0   __scatter_copy.o
        28          0          0          0          0          0   __scatter_zi.o
        48          6          0          0          0         96   _printf_char_common.o
         6          0          0          0          0          0   _printf_f.o
      1052          0          0          0          0        148   _printf_fp_dec.o
       128         16          0          0          0         84   _printf_fp_infnan.o
         0          0          0          0          0          0   _printf_percent.o
         4          0          0          0          0          0   _printf_percent_end.o
        10          0          0          0          0         68   _sputc.o
       228          4        148          0          0         96   bigflt0.o
      1936        128          0          0          0        668   btod.o
        18          0          0          0          0         80   exit.o
         6          0          0          0          0        152   heapauxi.o
         0          0          0          0          0          0   indicate_semi.o
        44         10         28          0          0         76   lc_numeric_c.o
         2          0          0          0          0          0   libinit.o
        18          0          0          0          0          0   libinit2.o
         2          0          0          0          0          0   libshutdown.o
         2          0          0          0          0          0   libshutdown2.o
         8          4          0          0         96         68   libspace.o
       138          0          0          0          0         80   lludiv10.o
        40          6          0          0          0         84   noretval__2sprintf.o
         8          4          0          0          0         68   rt_locale_intlibspace.o
        78          0          0          0          0         80   rt_memclr_w.o
         2          0          0          0          0          0   rtexit.o
        10          0          0          0          0          0   rtexit2.o
       128          0          0          0          0         68   strcmpv7m.o
        62          0          0          0          0         76   strlen.o
        12          4          0          0          0         68   sys_exit.o
        74          0          0          0          0         80   sys_stackheap_outer.o
         2          0          0          0          0         68   use_no_semi.o
       812         16          0          0          0        296   daddsub_clz.o
        84          0          0          0          0        196   dcmp.o
        24          0          0          0          0         68   dcmpi.o
       696        140          0          0          0        216   ddiv.o
       120          4          0          0          0         92   deqf.o
        94          4          0          0          0         92   dfix.o
        38          0          0          0          0         68   dflt_clz.o
       120          4          0          0          0         92   dgeqf.o
       120          4          0          0          0         92   dleqf.o
       340         12          0          0          0        104   dmul.o
       156          4          0          0          0         92   dnaninf.o
        12          0          0          0          0         68   dretinf.o
         4          0          0          0          0         68   printf1.o
         0          0          0          0          0          0   usenofp.o
        40          0          0          0          0         68   fpclassify.o

    ----------------------------------------------------------------------
      7196        378        176          0         96       4044   Library Totals
        12          0          0          0          0          0   (incl. Padding)

    ----------------------------------------------------------------------

      Code (inc. data)   RO Data    RW Data    ZI Data      Debug   Library Name

      4524        190        176          0         96       2432   c_w.l
      2620        188          0          0          0       1544   fz_ws.l
        40          0          0          0          0         68   m_ws.l

    ----------------------------------------------------------------------
      7196        378        176          0         96       4044   Library Totals

    ----------------------------------------------------------------------

==============================================================================


      Code (inc. data)   RO Data    RW Data    ZI Data      Debug   

     20420        496       2580         56       2944     180985   Grand Totals
     20420        496       2580         56       2944     180985   ELF Image Totals
     20420        496       2580         56          0          0   ROM Totals

==============================================================================

    Total RO  Size (Code + RO Data)                23000 (  22.46kB)
    Total RW  Size (RW Data + ZI Data)              3000 (   2.93kB)
    Total ROM Size (Code + RO Data + RW Data)      23056 (  22.52kB)

==============================================================================

