<html>
<body>
<pre>
<h1>µVision Build Log</h1>
<h2>Tool Versions:</h2>
IDE-Version: ¦ÌVision V5.42.0.0
Copyright (C) 2025 ARM Ltd and ARM Germany GmbH. All rights reserved.
License Information: a root, a, LIC=TIVNB-2KF8I-9UZ4U-S1LIS-VUYXK-SQ4B2
 
Tool Versions:
Toolchain:       MDK-ARM Plus  Version: 5.42.0.0
Toolchain Path:  C:\Users\root\AppData\Local\Programs\Keil5\ARM\ARMCLANG\Bin
C Compiler:      ArmClang.exe V6.23
Assembler:       Armasm.exe V6.23
Linker/Locator:  ArmLink.exe V6.23
Library Manager: ArmAr.exe V6.23
Hex Converter:   FromElf.exe V6.23
CPU DLL:         SARMCM3.DLL V5.42.0.0
Dialog DLL:      DCM.DLL V1.17.5.0
Target DLL:      STLink\ST-LINKIII-KEIL_SWO.dll V3.3.0.0
Dialog DLL:      TCM.DLL V1.56.6.0
 
<h2>Project:</h2>
C:\Users\root\LearningMaterials\stm32_data\stm32project\power\MDK-ARM\power.uvprojx
Project File Date:  05/27/2025

<h2>Output:</h2>
*** Using Compiler 'V6.23', folder: 'C:\Users\root\AppData\Local\Programs\Keil5\ARM\ARMCLANG\Bin'
Build target 'power'
assembling startup_stm32f103x6.s...
compiling main.c...
compiling adc.c...
compiling gpio.c...
compiling stm32f1xx_hal_adc_ex.c...
compiling stm32f1xx_hal_adc.c...
compiling stm32f1xx_hal.c...
compiling stm32f1xx_hal_flash_ex.c...
compiling stm32f1xx_it.c...
compiling MCP4725.c...
compiling stm32f1xx_hal_uart.c...
../mycode/fun.c(59): warning: 'sprintf' will always overflow; destination buffer has size 20, but format string expands to at least 21 [-Wformat-overflow]
   59 |                         sprintf(tx_buf,"please set Voltage\r\n");
      |                         ^
1 warning generated.
compiling fun.c...
compiling stm32f1xx_hal_flash.c...
compiling usart.c...
compiling IIC.c...
compiling stm32f1xx_hal_msp.c...
compiling i2c.c...
compiling stm32f1xx_hal_gpio_ex.c...
compiling Key.c...
compiling system_stm32f1xx.c...
compiling stm32f1xx_hal_pwr.c...
compiling stm32f1xx_hal_cortex.c...
compiling stm32f1xx_hal_rcc_ex.c...
compiling stm32f1xx_hal_exti.c...
compiling stm32f1xx_hal_gpio.c...
compiling stm32f1xx_hal_rcc.c...
compiling stm32f1xx_hal_dma.c...
compiling oled.c...
compiling stm32f1xx_hal_i2c.c...
linking...
Program Size: Code=20420 RO-data=2580 RW-data=56 ZI-data=2944  
FromELF: creating hex file...
"power\power.axf" - 0 Error(s), 1 Warning(s).

<h2>Software Packages used:</h2>

Package Vendor: ARM
                https://www.keil.com/pack/ARM.CMSIS.6.1.0.pack
                ARM::CMSIS@6.1.0
                CMSIS (Common Microcontroller Software Interface Standard)
   * Component: CORE Version: 6.1.0

Package Vendor: Keil
                http://www.keil.com/pack/Keil.STM32F1xx_DFP.2.2.0.pack
                Keil::STM32F1xx_DFP@2.2.0
                STMicroelectronics STM32F1 Series Device Support, Drivers and Examples

<h2>Collection of Component include folders:</h2>
  ./RTE/_power
  C:/Users/root/AppData/Local/Programs/Keil5/ARM/Packs/ARM/CMSIS/6.1.0/CMSIS/Core/Include
  C:/Users/root/AppData/Local/Programs/Keil5/ARM/Packs/Keil/STM32F1xx_DFP/2.2.0/Device/Include

<h2>Collection of Component Files used:</h2>

   * Component: ARM::CMSIS:CORE@6.1.0
      Include file:  CMSIS/Core/Include/tz_context.h
Build Time Elapsed:  00:00:02
</pre>
</body>
</html>
